//my_region/etc/NOTICE.xml.gz 1-6
//my_region/etc/oplus_carrier_config.xml 7
//my_region/global/oplus_carrier_list.xml 8-11
//my_region/app/Instant/Instant.apk 12-8265
//my_region/etc/extension/com.oplus.app-features.xml 8266-8267
//my_region/etc/startup/blacklist_default.xml 8268-8271
//my_region/etc/startup/safe_boot_whitelist.xml 8272-8273
//my_region/etc/startup/sys_startup_v3_config_list.xml 8274-8278
//my_region/etc/startup/sys_startupmanager_config_list.xml 8279-8281
//my_region/priv-app/OplusCallRecorder/OplusCallRecorder.apk 8282-8804
//my_region/app/Instant/lib/arm64/libc++_shared.so 8805-8892
//my_region/app/Instant/lib/arm64/libcanvas.so 8893
//my_region/app/Instant/lib/arm64/libconscrypt_jni.so 8894-9079
//my_region/app/Instant/lib/arm64/libfb.so 9080-9168
//my_region/app/Instant/lib/arm64/libgifimage.so 9169-9198
//my_region/app/Instant/lib/arm64/libhapbridge.so 9199-9287
//my_region/app/Instant/lib/arm64/libimagepipeline.so 9288
//my_region/app/Instant/lib/arm64/libinspector.so 9289-9292
//my_region/app/Instant/lib/arm64/libmmkv.so 9293-9350
//my_region/app/Instant/lib/arm64/libnative-filters.so 9351-9354
//my_region/app/Instant/lib/arm64/libnative-imagetranscoder.so 9355-9411
//my_region/app/Instant/lib/arm64/libnearmelog.so 9412-9420
//my_region/app/Instant/lib/arm64/libopluslog.so 9421-9429
//my_region/app/Instant/lib/arm64/libqjsruntime.so 9430-9626
//my_region/app/Instant/lib/arm64/libstatic-webp.so 9627-9703
//my_region/app/Instant/lib/arm64/libv8runtime.so 9704-11355
//my_region/app/Instant/lib/arm64/libyoga.so 11356-11383
//my_region/app/Instant/oat/arm64/Instant.vdex 11384-11475
//my_region/priv-app/OplusCallRecorder/oat/arm64/OplusCallRecorder.vdex 11476-11482
