//my_stock/etc/NOTICE.xml.gz 1-27
//my_stock/etc/Operator_Ringback_Tone_List.xml 28
//my_stock/etc/string_super_computing.zip 29-47
//my_stock/etc/sys_alipay_model_list.json 48
//my_stock/opex/Omoji.opex 49-26463
//my_stock/oplus/startup_config.xml 26464
//my_stock/oplus/startup_manager.xml 26465-26467
//my_stock/oplus/sys_alarm_filterpackages_list.xml 26468
//my_stock/overlay/market_exp_overlay.apk 26469-26507
//my_stock/app/AIMemory/AIMemory.apk 26508-36577
//my_stock/app/AIUnit/AIUnit.apk 36578-56469
//my_stock/app/ARCore/ARCore.apk 56470-56751
//my_stock/app/Aod/Aod.apk 56752-65726
//my_stock/app/AssistantScreen/AssistantScreen.apk 65727-75124
//my_stock/app/BeaconLink/BeaconLink.apk 75125-78451
//my_stock/app/Browser/Browser.apk 78452-113980
//my_stock/app/COSA/COSA.apk 113981-119176
//my_stock/app/Calculator2/Calculator2.apk 119177-121612
//my_stock/app/ChildrenSpace/ChildrenSpace.apk 121613-128989
//my_stock/app/ChromePartnerProvider/ChromePartnerProvider.apk 128990-129179
//my_stock/app/Clock/Clock.apk 129180-134435
//my_stock/app/CloudService/CloudService.apk 134436-140471
//my_stock/app/ColorAccessibilityAssistant/ColorAccessibilityAssistant.apk 140472-145167
//my_stock/app/ColorDirectService/ColorDirectService.apk 145168-149269
//my_stock/app/EmailPartnerProvider/EmailPartnerProvider.apk 149270-149462
//my_stock/app/FileEncryption/FileEncryption.apk 149463-150920
//my_stock/app/FileManager/FileManager.apk 150921-156095
//my_stock/app/FileManager/FileManager.apk.prof 156096-156097
//my_stock/app/FloatAssistant/FloatAssistant.apk 156098-160977
//my_stock/app/KeKePay/KeKePay.apk 160978-165528
//my_stock/app/LocationProxy/LocationProxy.apk 165529-166517
//my_stock/app/MCS/MCS.apk 166518-169410
//my_stock/app/MSPService/MSPService.apk 169411-174149
//my_stock/app/Melody/Melody.apk 174150-178155
//my_stock/app/OcrScanner/OcrScanner.apk 178156-187014
//my_stock/app/OpenCapabilityService/OpenCapabilityService.apk 187015-188476
//my_stock/app/OplusOperationManual/OplusOperationManual.apk 188477-192297
//my_stock/app/OplusPhoneActivation/OplusPhoneActivation.apk 192298-193526
//my_stock/app/OplusSecurityKeyboard/OplusSecurityKeyboard.apk 193527-193613
//my_stock/app/OppoWeather2/OppoWeather2.apk 193614-199242
//my_stock/app/OppoWeatherService/OppoWeatherService.apk 199243-200663
//my_stock/app/PhoneNOAreaInquireProvider/PhoneNOAreaInquireProvider.apk 200664-201392
//my_stock/app/Portrait/Portrait.apk 201393-211677
//my_stock/app/RomUpdate/RomUpdate.apk 211678-212035
//my_stock/app/SceneMode/SceneMode.apk 212036-213976
//my_stock/app/SecurePay/SecurePay.apk 213977-216075
//my_stock/app/SmartEngine/SmartEngine.apk 216076-220032
//my_stock/app/SmartSideBar/SmartSideBar.apk 220033-223102
//my_stock/app/SoftsimRedteaRoaming/SoftsimRedteaRoaming.apk 223103-230028
//my_stock/app/StdSP/StdSP.apk 230029-249241
//my_stock/app/VariUIEngine/VariUIEngine.apk 249242-251024
//my_stock/app/WifiBackupRestore/WifiBackupRestore.apk 251025-252654
//my_stock/del-app/BackupAndRestore/BackupAndRestore.apk 252655-257269
//my_stock/del-app/INOnePlusStore/INOnePlusStore.apk 257270-269664
//my_stock/del-app/NewSoundRecorder/NewSoundRecorder.apk 269665-273344
//my_stock/del-app/OPBreathMode/OPBreathMode.apk 273345-287852
//my_stock/del-app/OPForum/OPForum.apk 287853-293078
//my_stock/del-app/OPWidget/OPWidget.apk 293079-293233
//my_stock/del-app/OppoNote2/OppoNote2.apk 293234-309497
//my_stock/del-app/OppoTranslation/OppoTranslation.apk 309498-316298
//my_stock/del-app/Pictorial/Pictorial.apk 316299-325474
//my_stock/etc/extension/com.oplus.app-features.xml 325475
//my_stock/etc/extension/config_clear_settings_provider_key_settings_app_op.xml 325476
//my_stock/etc/extension/config_processor_com.android.settings.xml 325477
//my_stock/etc/extension/sys_memory_nirvana_config.xml 325478
//my_stock/etc/extension/sys_osense_appmng_decisionmaker_config.xml 325479
//my_stock/etc/extension/sys_osense_feature_common_config.xml 325480
//my_stock/etc/extension/sys_osense_memory_config.xml 325481
//my_stock/etc/extension/sys_osense_memory_decisionmaker_config.xml 325482
//my_stock/etc/extension/sys_preload_config.xml 325483
//my_stock/etc/permissions/default_grant_permissions_list.xml 325484
//my_stock/etc/permissions/privapp-permissions-oplus-legacy.xml 325485
//my_stock/etc/permissions/privapp-permissions-oplus.xml 325486
//my_stock/media/theme/allApps.xml 325487-325489
//my_stock/overlay/OplusFwkResOverlay/OplusFwkResOverlay.apk 325490-325497
//my_stock/overlay/OplusSystemuiResOverlay/OplusSystemuiResOverlay.apk 325498-325506
//my_stock/priv-app/AccessoryFramework/AccessoryFramework.apk 325507-331879
//my_stock/priv-app/BlackListApp/BlackListApp.apk 331880-333789
//my_stock/priv-app/ColorfulEngine/ColorfulEngine.apk 333790-338940
//my_stock/priv-app/Contacts/Contacts.apk 338941-347962
//my_stock/priv-app/Contacts/Contacts.apk.prof 347963-347968
//my_stock/priv-app/Cota/Cota.apk 347969-349623
//my_stock/priv-app/DCS/DCS.apk 349624-350959
//my_stock/priv-app/DSF/DSF.apk 350960-352969
//my_stock/priv-app/DeviceIntegrationService/DeviceIntegrationService.apk 352970-353404
//my_stock/priv-app/Games/Games.apk 353405-368199
//my_stock/priv-app/GlobalSearch/GlobalSearch.apk 368200-378111
//my_stock/priv-app/HeyCast/HeyCast.apk 378112-379790
//my_stock/priv-app/InCallUI/InCallUI.apk 379791-383079
//my_stock/priv-app/KeKeMarket/KeKeMarket.apk 383080-395581
//my_stock/priv-app/KeKeThemeSpace/KeKeThemeSpace.apk 395582-411975
//my_stock/priv-app/KeKeUserCenter/KeKeUserCenter.apk 411976-419758
//my_stock/priv-app/LinktoWindows/LinktoWindows.apk 419759-431150
//my_stock/priv-app/LockAssistant/LockAssistant.apk 431151-432492
//my_stock/priv-app/MDSService/MDSService.apk 432493-433377
//my_stock/priv-app/MediaTurbo/MediaTurbo.apk 433378-433596
//my_stock/priv-app/Metis/Metis.apk 433597-435671
//my_stock/priv-app/Mms/Mms.apk 435672-445097
//my_stock/priv-app/Mms/Mms.apk.prof 445098-445101
//my_stock/priv-app/NumberRecognition/NumberRecognition.apk 445102-446587
//my_stock/priv-app/OPMemberShip/OPMemberShip.apk 446588-450916
//my_stock/priv-app/OPSynergy/OPSynergy.apk 450917-455921
//my_stock/priv-app/OShare/OShare.apk 455922-458721
//my_stock/priv-app/Omacp/Omacp.apk 458722-459612
//my_stock/priv-app/OplusBootReg/OplusBootReg.apk 459613-465019
//my_stock/priv-app/OplusBootReg/OplusBootReg.apk.prof 465020
//my_stock/priv-app/OplusScreenRecorder/OplusScreenRecorder.apk 465021-467165
//my_stock/priv-app/OppoGallery2/OppoGallery2.apk 467166-512580
//my_stock/priv-app/OppoGallery2/OppoGallery2.apk.prof 512581-512585
//my_stock/priv-app/OppoTranslationService/OppoTranslationService.apk 512586-517820
//my_stock/priv-app/PhoneManager/PhoneManager.apk 517821-530268
//my_stock/priv-app/Screenshot/Screenshot.apk 530269-535839
//my_stock/priv-app/UMS/UMS.apk 535840-543754
//my_stock/priv-app/Wallpapers/Wallpapers.apk 543755-553560
//my_stock/priv-app/dmp/dmp.apk 553561-560700
//my_stock/media/audio/alarms/Dynamic_Weather.ogg 560701-560868
//my_stock/media/audio/alarms/Rise.ogg 560869-561034
//my_stock/media/audio/notifications/A_gust_of_wind.ogg 561035-561039
//my_stock/media/audio/notifications/Allay.ogg 561040
//my_stock/media/audio/notifications/Allusion.ogg 561041-561045
//my_stock/media/audio/notifications/Amiable.ogg 561046-561053
//my_stock/media/audio/notifications/Blare.ogg 561054-561059
//my_stock/media/audio/notifications/Blink.ogg 561060-561066
//my_stock/media/audio/notifications/Blissful.ogg 561067-561075
//my_stock/media/audio/notifications/Brisk.ogg 561076-561078
//my_stock/media/audio/notifications/Bubble.ogg 561079
//my_stock/media/audio/notifications/Cheerful.ogg 561080-561081
//my_stock/media/audio/notifications/Clear.ogg 561082-561084
//my_stock/media/audio/notifications/Clouds.ogg 561085-561094
//my_stock/media/audio/notifications/Comely.ogg 561095-561101
//my_stock/media/audio/notifications/Cozy.ogg 561102-561111
//my_stock/media/audio/notifications/Crystal.ogg 561112-561119
//my_stock/media/audio/notifications/Dew_on_the_bamboo.ogg 561120-561125
//my_stock/media/audio/notifications/Ding.ogg 561126-561132
//my_stock/media/audio/notifications/Dragonfly.ogg 561133-561137
//my_stock/media/audio/notifications/Droplets.ogg 561138-561142
//my_stock/media/audio/notifications/Effervesce.ogg 561143-561146
//my_stock/media/audio/notifications/Elegant.ogg 561147-561154
//my_stock/media/audio/notifications/Fairy_realm.ogg 561155-561165
//my_stock/media/audio/notifications/Free.ogg 561166-561172
//my_stock/media/audio/notifications/Full_moon.ogg 561173-561179
//my_stock/media/audio/notifications/Glistening.ogg 561180-561188
//my_stock/media/audio/notifications/Hallucination.ogg 561189-561194
//my_stock/media/audio/notifications/Inbound.ogg 561195-561201
//my_stock/media/audio/notifications/Light.ogg 561202-561204
//my_stock/media/audio/notifications/Meet.ogg 561205-561209 561210
//my_stock/media/audio/notifications/Naivety.ogg 561211-561218
//my_stock/media/audio/notifications/Quickly.ogg 561219-561221
//my_stock/media/audio/notifications/Raindrop.ogg 561222-561229
//my_stock/media/audio/notifications/Reverberation.ogg 561230-561240
//my_stock/media/audio/notifications/Rhythm.ogg 561241-561243
//my_stock/media/audio/notifications/Serenity.ogg 561244-561251
//my_stock/media/audio/notifications/Shooting_star.ogg 561252-561261
//my_stock/media/audio/notifications/Slipping.ogg 561262-561267
//my_stock/media/audio/notifications/Sliver_of_light.ogg 561268-561275
//my_stock/media/audio/notifications/Snow_underfoot.ogg 561276-561283
//my_stock/media/audio/notifications/Snowflake.ogg 561284-561289
//my_stock/media/audio/notifications/Splash.ogg 561290-561298
//my_stock/media/audio/notifications/Surprise.ogg 561299-561303
//my_stock/media/audio/notifications/Twinkle.ogg 561304-561312
//my_stock/media/audio/notifications/Warming_sun.ogg 561313-561319
//my_stock/media/audio/notifications/Whoop_doop.ogg 561320
//my_stock/media/audio/notifications/Wind_chime.ogg 561321-561327
//my_stock/media/audio/ringtones/Alacrity.ogg 561328-561423
//my_stock/media/audio/ringtones/Alarm_clock.ogg 561424-561432
//my_stock/media/audio/ringtones/Amenity.ogg 561433-561480
//my_stock/media/audio/ringtones/Beep.ogg 561481-561489
//my_stock/media/audio/ringtones/Blanket_of_snow.ogg 561490-561556
//my_stock/media/audio/ringtones/Blues.ogg 561557-561627
//my_stock/media/audio/ringtones/Bounce.ogg 561628-561663
//my_stock/media/audio/ringtones/Breeze.ogg 561664-561785
//my_stock/media/audio/ringtones/Calm.ogg 561786-561811
//my_stock/media/audio/ringtones/Chase.ogg 561812-562006
//my_stock/media/audio/ringtones/Climber.ogg 562007-562508
//my_stock/media/audio/ringtones/Cloud.ogg 562509-562575
//my_stock/media/audio/ringtones/Cloudscape.ogg 562576-562675
//my_stock/media/audio/ringtones/Cyclotron.ogg 562676-562737
//my_stock/media/audio/ringtones/Dawn.ogg 562738-562868
//my_stock/media/audio/ringtones/Distinct.ogg 562869-562891
//my_stock/media/audio/ringtones/Dream.ogg 562892-563025
//my_stock/media/audio/ringtones/Drizzling.ogg 563026-563123
//my_stock/media/audio/ringtones/Dynamic.ogg 563124-563195
//my_stock/media/audio/ringtones/Eager.ogg 563196-563284
//my_stock/media/audio/ringtones/Ebullition.ogg 563285-563345
//my_stock/media/audio/ringtones/Echo.ogg 563346-563406
//my_stock/media/audio/ringtones/Expect.ogg 563407-563437
//my_stock/media/audio/ringtones/Fanatical.ogg 563438-563527
//my_stock/media/audio/ringtones/Far_away.ogg 563528-563627
//my_stock/media/audio/ringtones/First_rays.ogg 563628-563674
//my_stock/media/audio/ringtones/Fluttering.ogg 563675-563758
//my_stock/media/audio/ringtones/Flyer.ogg 563759-563834
//my_stock/media/audio/ringtones/Forest_morning.ogg 563835-563926
//my_stock/media/audio/ringtones/Friendship.ogg 563927-564015
//my_stock/media/audio/ringtones/Funky.ogg 564016-564049
//my_stock/media/audio/ringtones/Good_energy.ogg 564050-564150
//my_stock/media/audio/ringtones/Guitar.ogg 564151-564211
//my_stock/media/audio/ringtones/Harping.ogg 564212-564262
//my_stock/media/audio/ringtones/Highlight.ogg 564263-564294
//my_stock/media/audio/ringtones/Idyl.ogg 564295-564360
//my_stock/media/audio/ringtones/Innocence.ogg 564361-564438
//my_stock/media/audio/ringtones/Interesting.ogg 564439-564547
//my_stock/media/audio/ringtones/Jazz_life.ogg 564548-564623
//my_stock/media/audio/ringtones/Journey.ogg 564624-564714
//my_stock/media/audio/ringtones/Joyous.ogg 564715-564737
//my_stock/media/audio/ringtones/Lazy.ogg 564738-564806
//my_stock/media/audio/ringtones/Leisurely.ogg 564807-564870
//my_stock/media/audio/ringtones/Lotus_by_moonlight.ogg 564871-564954
//my_stock/media/audio/ringtones/Marimba.ogg 564955-564986
//my_stock/media/audio/ringtones/Meditation.ogg 564987-565068
//my_stock/media/audio/ringtones/Memory.ogg 565069-565171
//my_stock/media/audio/ringtones/Mystical.ogg 565172-565237
//my_stock/media/audio/ringtones/Nature.ogg 565238-565300
//my_stock/media/audio/ringtones/Night_sky.ogg 565301-565372
//my_stock/media/audio/ringtones/Old_telephone.ogg 565373-565391
//my_stock/media/audio/ringtones/OnePlus_new_feeling.ogg 565392-565461
//my_stock/media/audio/ringtones/OnePlus_tune.ogg 565462-565519
//my_stock/media/audio/ringtones/OnePlus_tune_rhythm.ogg 565520-565597
//my_stock/media/audio/ringtones/Optimistic.ogg 565598-565675
//my_stock/media/audio/ringtones/Piano.ogg 565676-565757
//my_stock/media/audio/ringtones/Rainforest.ogg 565758-565836
//my_stock/media/audio/ringtones/Relieved.ogg 565837-565935
//my_stock/media/audio/ringtones/Ripple.ogg 565936-565965
//my_stock/media/audio/ringtones/Shimmer.ogg 565966-565997
//my_stock/media/audio/ringtones/Slowly.ogg 565998-566532
//my_stock/media/audio/ringtones/Snow_falling.ogg 566533-566608
//my_stock/media/audio/ringtones/Spring.ogg 566609-566779
//my_stock/media/audio/ringtones/Stars.ogg 566780-566868
//my_stock/media/audio/ringtones/Summer_beach.ogg 566869-566926
//my_stock/media/audio/ringtones/Summer_night.ogg 566927-567003
//my_stock/media/audio/ringtones/Sun_glittering.ogg 567004-567072
//my_stock/media/audio/ringtones/Sunlight_on_snow.ogg 567073-567131
//my_stock/media/audio/ringtones/Sunrise.ogg 567132-567155
//my_stock/media/audio/ringtones/Sunset.ogg 567156-567268
//my_stock/media/audio/ringtones/Surging.ogg 567269-567317
//my_stock/media/audio/ringtones/Tactfully.ogg 567318-567517
//my_stock/media/audio/ringtones/The_wind.ogg 567518-567604
//my_stock/media/audio/ringtones/Tranquil.ogg 567605-567695
//my_stock/media/audio/ringtones/Twinkling_stars.ogg 567696-567774
//my_stock/media/audio/ringtones/Verdant_lotus_pond.ogg 567775-567828
//my_stock/media/audio/ringtones/Waking_city.ogg 567829-567901
//my_stock/media/audio/ringtones/Walking_in_the_rain.ogg 567902-567978
//my_stock/media/audio/ringtones/Whirl.ogg 567979-568020
//my_stock/media/audio/ui/Usb.ogg 568021-568023
//my_stock/media/audio/ui/VolumePanelSound.ogg 568024
//my_stock/media/audio/ui/WheelPicker.ogg 568025
//my_stock/media/audio/ui/camera_click.wav 568026-568048
//my_stock/media/audio/ui/charge.mp3 568049-568050
//my_stock/media/audio/ui/cover.mp3 568051-568053
//my_stock/media/audio/ui/critical_lowbattery.ogg 568054-568057
//my_stock/media/audio/ui/delete.mp3 568058
//my_stock/media/audio/ui/delete3.mp3 568059-568063
//my_stock/media/audio/ui/dew.wav 568064
//my_stock/media/audio/ui/ebook_open.mp3 568065-568068
//my_stock/media/audio/ui/ebook_open2.mp3 568069-568070
//my_stock/media/audio/ui/ebook_page1.mp3 568071-568083
//my_stock/media/audio/ui/ebook_page3.mp3 568084-568091
//my_stock/media/audio/ui/error.mp3 568092-568093
//my_stock/media/audio/ui/extended_effect_a.ogg 568094-568098
//my_stock/media/audio/ui/extended_effect_b.ogg 568099-568106
//my_stock/media/audio/ui/full_battery.ogg 568107-568109
//my_stock/media/audio/ui/global_delete.ogg 568110 568111
//my_stock/media/audio/ui/inefficacy.mp3 568112-568113
//my_stock/media/audio/ui/lomo_click.mp3 568114-568115
//my_stock/media/audio/ui/lowbattery.mp3 568116-568122
//my_stock/media/audio/ui/machine.mp3 568123-568127
//my_stock/media/audio/ui/mechanism_down.ogg 568128-568133
//my_stock/media/audio/ui/mechanism_up.ogg 568134-568138
//my_stock/media/audio/ui/normal_lowbattery.ogg 568139-568143
//my_stock/media/audio/ui/numberpicker_click.ogg 568144
//my_stock/media/audio/ui/powerlow.mp3 568145-568151
//my_stock/media/audio/ui/poweroff.mp3 568152-568197
//my_stock/media/audio/ui/poweron.mp3 568198-568243
//my_stock/media/audio/ui/pure_music_down.ogg 568244-568249
//my_stock/media/audio/ui/pure_music_up.ogg 568250-568254
//my_stock/media/audio/ui/slight_feedback.ogg 568255
//my_stock/media/audio/ui/sound_10s.mp3 568256-568305
//my_stock/media/audio/ui/sound_5s.mp3 568306-568328
//my_stock/media/audio/ui/technology_down.ogg 568329-568332
//my_stock/media/audio/ui/technology_up.ogg 568333-568337
//my_stock/media/audio/ui/touch.mp3 568338
//my_stock/media/audio/ui/touch2.mp3 568339-568340
//my_stock/media/audio/ui/touch3.mp3 568341-568343
//my_stock/media/audio/ui/uncover.mp3 568344-568346
//my_stock/media/audio/ui/warning3.mp3 568347-568348
//my_stock/media/audio/ui/warrning.mp3 568349-568350
//my_stock/media/audio/ui/weather_alarm_cloud.ogg 568351-568435
//my_stock/media/audio/ui/weather_alarm_cloud2.ogg 568436-568520
//my_stock/media/audio/ui/weather_alarm_cloud3.ogg 568521-568600
//my_stock/media/audio/ui/weather_alarm_cloud4.ogg 568601-568662
//my_stock/media/audio/ui/weather_alarm_default.ogg 568663-568785
//my_stock/media/audio/ui/weather_alarm_haze.ogg 568786-568853
//my_stock/media/audio/ui/weather_alarm_haze2.ogg 568854-568918
//my_stock/media/audio/ui/weather_alarm_rain.ogg 568919-568985
//my_stock/media/audio/ui/weather_alarm_rain2.ogg 568986-569046
//my_stock/media/audio/ui/weather_alarm_snow.ogg 569047-569120
//my_stock/media/audio/ui/weather_alarm_snow2.ogg 569121-569262
//my_stock/media/audio/ui/weather_alarm_sun.ogg 569263-569349
//my_stock/media/audio/ui/weather_alarm_sun2.ogg 569350-569434
//my_stock/media/audio/ui/weather_alarm_sun3.ogg 569435-569598
//my_stock/media/audio/ui/weather_alarm_sun4.ogg 569599-569683
//my_stock/media/audio/ui/weather_alarm_thunderstorm.ogg 569684-569748
//my_stock/media/audio/ui/weather_alarm_thunderstorm2.ogg 569749-569864
//my_stock/media/audio/ui/weather_alarm_thunderstorm3.ogg 569865-569925
//my_stock/media/audio/ui/weather_alarm_wind.ogg 569926-569998
//my_stock/media/audio/ui/weather_alarm_wind2.ogg 569999-570083
//my_stock/non_overlay/app/OBrain/OBrain.apk 570084-570631
//my_stock/app/AIMemory/lib/arm64/libaiunit_sdk_core.so 570632-570633
//my_stock/app/AIMemory/lib/arm64/libscan_engine_decode.so 570634-571103
//my_stock/app/AIMemory/lib/arm64/libscan_engine_detect.so 571104-571446
//my_stock/app/AIMemory/lib/arm64/libtensorflowlite.so 571447-571801
//my_stock/app/AIUnit/lib/arm64/libQnnDsp.so 571802-571974
//my_stock/app/AIUnit/lib/arm64/libQnnDspV65Stub.so 571975-572016
//my_stock/app/AIUnit/lib/arm64/libQnnDspV66Stub.so 572017-572049
//my_stock/app/AIUnit/lib/arm64/libQnnHtp.so 572050-572303
//my_stock/app/AIUnit/lib/arm64/libQnnHtpNetRunExtensions.so 572304-572386
//my_stock/app/AIUnit/lib/arm64/libQnnHtpPrepare.so 572387-578824
//my_stock/app/AIUnit/lib/arm64/libQnnHtpV68Stub.so 578825-578875
//my_stock/app/AIUnit/lib/arm64/libQnnHtpV69Stub.so 578876-578927
//my_stock/app/AIUnit/lib/arm64/libQnnHtpV73Stub.so 578928-578980
//my_stock/app/AIUnit/lib/arm64/libQnnHtpV75Stub.so 578981-579033
//my_stock/app/AIUnit/lib/arm64/libQnnHtpV79Stub.so 579034-579086
//my_stock/app/AIUnit/lib/arm64/libQnnSystem.so 579087-579303
//my_stock/app/AIUnit/lib/arm64/libaiboost.so 579304-580397
//my_stock/app/AIUnit/lib/arm64/libaiboost_llm.so 580398-580464
//my_stock/app/AIUnit/lib/arm64/libaiboost_neuron_delegate.so 580465-580554
//my_stock/app/AIUnit/lib/arm64/libaiboost_qnn_external_delegate.so 580555-580672
//my_stock/app/AIUnit/lib/arm64/libaiunit_framework.so 580673-580765
//my_stock/app/AIUnit/lib/arm64/libaiunit_framework_jni.so 580766-580777
//my_stock/app/AIUnit/lib/arm64/libaiunit_sdk_core.so 580778-580779
//my_stock/app/AIUnit/lib/arm64/libc++.so 580780-580852
//my_stock/app/AIUnit/lib/arm64/libc++_shared.so 580853-580949
//my_stock/app/AIUnit/lib/arm64/libcore_tokenizers.so 580950-582177
//my_stock/app/AIUnit/lib/arm64/libdatastore_shared_counter.so 582178
//my_stock/app/AIUnit/lib/arm64/libdmabufheap.so 582179-582190
//my_stock/app/AIUnit/lib/arm64/libheytaplog.so 582191-582199
//my_stock/app/AIUnit/lib/arm64/libmtk_llm.so 582200-582500
//my_stock/app/AIUnit/lib/arm64/libopencv_java4.so 582501-584751
//my_stock/app/AIUnit/lib/arm64/libqcom_llm.so 584752-585047
//my_stock/app/AIUnit/lib/arm64/libsqlcipher.so 585048-585537
//my_stock/app/AIUnit/lib/arm64/libtransformer_lite.so 585538-586030
//my_stock/app/AIUnit/oat/arm64/AIUnit.vdex 586031-586082
//my_stock/app/Aod/lib/arm64/libVFX.so 586083-586465
//my_stock/app/Aod/lib/arm64/libhandpaintedeffects.so 586466-586515
//my_stock/app/Aod/lib/arm64/liboplus_gifdecoder.so 586516-586542
//my_stock/app/Aod/lib/arm64/liboplus_image_process.so 586543-586544
//my_stock/app/Aod/lib/arm64/liboplusos_lunar.so 586545-586547
//my_stock/app/Aod/oat/arm64/Aod.vdex 586548-586572
//my_stock/app/AssistantScreen/oat/arm64/AssistantScreen.vdex 586573-586688
//my_stock/app/BeaconLink/oat/arm64/BeaconLink.vdex 586689-586719
//my_stock/app/COSA/oat/arm64/COSA.vdex 586720-586744
//my_stock/app/Calculator2/oat/arm64/Calculator2.vdex 586745-586770
//my_stock/app/ChildrenSpace/oat/arm64/ChildrenSpace.vdex 586771-586797
//my_stock/app/ChromePartnerProvider/oat/arm64/ChromePartnerProvider.vdex 586798-586800
//my_stock/app/Clock/lib/arm64/libwatergradient.so 586801-586825
//my_stock/app/ColorAccessibilityAssistant/oat/arm64/ColorAccessibilityAssistant.vdex 586826-586866
//my_stock/app/ColorDirectService/oat/arm64/ColorDirectService.vdex 586867-586916
//my_stock/app/EmailPartnerProvider/oat/arm64/EmailPartnerProvider.vdex 586917-586919
//my_stock/app/FileEncryption/oat/arm64/FileEncryption.vdex 586920-586945
//my_stock/app/FileManager/oat/arm64/FileManager.art 586946-587106
//my_stock/app/FileManager/oat/arm64/FileManager.odex 587107-587413
//my_stock/app/FileManager/oat/arm64/FileManager.vdex 587414-587504
//my_stock/app/FloatAssistant/oat/arm64/FloatAssistant.vdex 587505-587530
//my_stock/app/KeKePay/lib/arm64/libAPSE_8.0.0.so 587531-587893
//my_stock/app/KeKePay/lib/arm64/libDXCaptcha-1.7.2.so 587894-587938
//my_stock/app/KeKePay/lib/arm64/libDXCaptcha-v1.8.0-oppo.a568ba6d.so 587939-587983
//my_stock/app/KeKePay/lib/arm64/libDXRisk-v6.1.7.5r-oppo.dda1a1a5.so 587984-588026
//my_stock/app/KeKePay/lib/arm64/libDXRiskComm-v6.1.7.5r-oppo.dda1a1a5.so 588027-588194
//my_stock/app/KeKePay/lib/arm64/libheytaplog.so 588195-588203
//my_stock/app/KeKePay/lib/arm64/libmmkv.so 588204-588277
//my_stock/app/KeKePay/lib/arm64/libmsp-core-lib.so 588278-588299
//my_stock/app/KeKePay/lib/arm64/libnesdk.so 588300-588497
//my_stock/app/KeKePay/lib/arm64/libopluslog.so 588498-588506
//my_stock/app/KeKePay/lib/arm64/libwb_tables_459410001354613984_1.so 588507-588519
//my_stock/app/KeKePay/lib/arm64/libwbkit-seckit3.so 588520-588534
//my_stock/app/KeKePay/oat/arm64/KeKePay.vdex 588535-588601
//my_stock/app/LocationProxy/oat/arm64/LocationProxy.vdex 588602-588618
//my_stock/app/MCS/lib/arm64/libdcc_cipher.so 588619-588620
//my_stock/app/MCS/lib/arm64/libheytap_mcs_cipheralgo_fixed.so 588621-588622
//my_stock/app/MCS/lib/arm64/libmmkv.so 588623-588680
//my_stock/app/MCS/oat/arm64/MCS.vdex 588681-588729
//my_stock/app/Melody/oat/arm64/Melody.vdex 588730-588766
//my_stock/app/OcrScanner/oat/arm64/OcrScanner.vdex 588767-588803
//my_stock/app/OpenCapabilityService/oat/arm64/OpenCapabilityService.vdex 588804-588828
//my_stock/app/OplusOperationManual/oat/arm64/OplusOperationManual.vdex 588829-588874
//my_stock/app/OplusPhoneActivation/oat/arm64/OplusPhoneActivation.vdex 588875-588893
//my_stock/app/OppoWeather2/oat/arm64/OppoWeather2.vdex 588894-588942
//my_stock/app/OppoWeatherService/oat/arm64/OppoWeatherService.vdex 588943-588963
//my_stock/app/PhoneNOAreaInquireProvider/oat/arm64/PhoneNOAreaInquireProvider.vdex 588964-588966
//my_stock/app/Portrait/lib/arm64/libAncSegBaseJni.so 588967-589008
//my_stock/app/Portrait/lib/arm64/libAncSegBaseSdk.so 589009-589534
//my_stock/app/Portrait/lib/arm64/libCaptureBokeh.so 589535-589642
//my_stock/app/Portrait/lib/arm64/libMNN.so 589643-589812
//my_stock/app/Portrait/lib/arm64/libNvEffectSdkCore.so 589813-590912
//my_stock/app/Portrait/lib/arm64/libancbase_segbase.so 590913-592503
//my_stock/app/Portrait/lib/arm64/libc++_shared.so 592504-592591
//my_stock/app/Portrait/lib/arm64/libcvface_api.so 592592-595892
//my_stock/app/Portrait/lib/arm64/libgraphics-lib.so 595893-595917
//my_stock/app/Portrait/lib/arm64/libimageProcessing.so 595918-595930
//my_stock/app/Portrait/lib/arm64/libjni_cvface_api.so 595931-595959
//my_stock/app/Portrait/lib/arm64/libmsai.so 595960-596320
//my_stock/app/Portrait/lib/arm64/libop-aod-bokeh-jni.qti.so 596321-596342
//my_stock/app/Portrait/lib/arm64/libopencv_java4.so 596343-598498
//my_stock/app/Portrait/lib/arm64/liboplus_image_process.so 598499-598500
//my_stock/app/Portrait/lib/arm64/libyuv2.so 598501-598539
//my_stock/app/Portrait/oat/arm64/Portrait.vdex 598540-598554
//my_stock/app/SceneMode/oat/arm64/SceneMode.vdex 598555-598585
//my_stock/app/SecurePay/oat/arm64/SecurePay.vdex 598586-598607
//my_stock/app/SmartEngine/lib/arm64/libETC2Loader.so 598608
//my_stock/app/SmartEngine/oat/arm64/SmartEngine.vdex 598609-598639
//my_stock/app/SmartSideBar/oat/arm64/SmartSideBar.vdex 598640-598693
//my_stock/app/SoftsimRedteaRoaming/oat/arm64/SoftsimRedteaRoaming.vdex 598694-598739
//my_stock/app/StdSP/oat/arm64/StdSP.vdex 598740-598746
//my_stock/app/VariUIEngine/lib/arm64/libVFX.so 598747-599129
//my_stock/app/VariUIEngine/lib/arm64/libffavc.so 599130-599260
//my_stock/app/VariUIEngine/lib/arm64/libfilament-jni.so 599261-599474
//my_stock/app/VariUIEngine/lib/arm64/libfilament-utils-jni.so 599475-599531
//my_stock/app/VariUIEngine/lib/arm64/libglide-webp.so 599532-599591
//my_stock/app/VariUIEngine/lib/arm64/libgltfio-jni.so 599592-600149
//my_stock/app/VariUIEngine/lib/arm64/libhandpaintedeffects.so 600150-600199
//my_stock/app/VariUIEngine/lib/arm64/libliquidfun.so 600200-600242
//my_stock/app/VariUIEngine/lib/arm64/libliquidfun_jni.so 600243-600274
//my_stock/app/VariUIEngine/lib/arm64/liboplus_gifdecoder.so 600275-600301
//my_stock/app/VariUIEngine/lib/arm64/liboplusos_lunar.so 600302-600304
//my_stock/app/VariUIEngine/lib/arm64/libpag.so 600305-600639
//my_stock/app/VariUIEngine/oat/arm64/VariUIEngine.vdex 600640-600666
//my_stock/media/audio/dynamic/notifications/ClassElectronic1_1.ogg 600667-600670
//my_stock/media/audio/dynamic/notifications/ClassElectronic1_10.ogg 600671-600674
//my_stock/media/audio/dynamic/notifications/ClassElectronic1_11.ogg 600675-600678
//my_stock/media/audio/dynamic/notifications/ClassElectronic1_12.ogg 600679-600682
//my_stock/media/audio/dynamic/notifications/ClassElectronic1_13.ogg 600683-600686
//my_stock/media/audio/dynamic/notifications/ClassElectronic1_14.ogg 600687-600690
//my_stock/media/audio/dynamic/notifications/ClassElectronic1_2.ogg 600691-600694
//my_stock/media/audio/dynamic/notifications/ClassElectronic1_3.ogg 600695-600698
//my_stock/media/audio/dynamic/notifications/ClassElectronic1_4.ogg 600699-600702
//my_stock/media/audio/dynamic/notifications/ClassElectronic1_5.ogg 600703-600706
//my_stock/media/audio/dynamic/notifications/ClassElectronic1_6.ogg 600707-600710
//my_stock/media/audio/dynamic/notifications/ClassElectronic1_7.ogg 600711-600714
//my_stock/media/audio/dynamic/notifications/ClassElectronic1_8.ogg 600715-600718
//my_stock/media/audio/dynamic/notifications/ClassElectronic1_9.ogg 600719-600722
//my_stock/media/audio/dynamic/notifications/ClassElectronicPreview.ogg 600723-600776
//my_stock/media/audio/dynamic/notifications/Drop1_1.ogg 600777
//my_stock/media/audio/dynamic/notifications/Drop1_10.ogg 600778
//my_stock/media/audio/dynamic/notifications/Drop1_11.ogg 600779
//my_stock/media/audio/dynamic/notifications/Drop1_12.ogg 600780
//my_stock/media/audio/dynamic/notifications/Drop1_2.ogg 600781
//my_stock/media/audio/dynamic/notifications/Drop1_3.ogg 600782
//my_stock/media/audio/dynamic/notifications/Drop1_4.ogg 600783
//my_stock/media/audio/dynamic/notifications/Drop1_5.ogg 600784
//my_stock/media/audio/dynamic/notifications/Drop1_6.ogg 600785
//my_stock/media/audio/dynamic/notifications/Drop1_7.ogg 600786
//my_stock/media/audio/dynamic/notifications/Drop1_8.ogg 600787
//my_stock/media/audio/dynamic/notifications/Drop1_9.ogg 600788
//my_stock/media/audio/dynamic/notifications/DropPreview.ogg 600789-600813
//my_stock/media/audio/dynamic/notifications/Harp1_1.ogg 600814-600826
//my_stock/media/audio/dynamic/notifications/Harp1_10.ogg 600827-600841
//my_stock/media/audio/dynamic/notifications/Harp1_11.ogg 600842-600855
//my_stock/media/audio/dynamic/notifications/Harp1_12.ogg 600856-600870
//my_stock/media/audio/dynamic/notifications/Harp1_13.ogg 600871-600880
//my_stock/media/audio/dynamic/notifications/Harp1_14.ogg 600881-600891
//my_stock/media/audio/dynamic/notifications/Harp1_15.ogg 600892-600906
//my_stock/media/audio/dynamic/notifications/Harp1_16.ogg 600907-600915
//my_stock/media/audio/dynamic/notifications/Harp1_2.ogg 600916-600925
//my_stock/media/audio/dynamic/notifications/Harp1_3.ogg 600926-600938
//my_stock/media/audio/dynamic/notifications/Harp1_4.ogg 600939-600948
//my_stock/media/audio/dynamic/notifications/Harp1_5.ogg 600949-600961
//my_stock/media/audio/dynamic/notifications/Harp1_6.ogg 600962-600973
//my_stock/media/audio/dynamic/notifications/Harp1_7.ogg 600974-600983
//my_stock/media/audio/dynamic/notifications/Harp1_8.ogg 600984-600996
//my_stock/media/audio/dynamic/notifications/Harp1_9.ogg 600997-601009
//my_stock/media/audio/dynamic/notifications/HarpPreview.ogg 601010-601091
//my_stock/media/audio/dynamic/notifications/MusicBox1_1.ogg 601092-601099
//my_stock/media/audio/dynamic/notifications/MusicBox1_10.ogg 601100-601109
//my_stock/media/audio/dynamic/notifications/MusicBox1_2.ogg 601110-601118
//my_stock/media/audio/dynamic/notifications/MusicBox1_3.ogg 601119-601127
//my_stock/media/audio/dynamic/notifications/MusicBox1_4.ogg 601128-601135
//my_stock/media/audio/dynamic/notifications/MusicBox1_5.ogg 601136-601144
//my_stock/media/audio/dynamic/notifications/MusicBox1_6.ogg 601145-601152
//my_stock/media/audio/dynamic/notifications/MusicBox1_7.ogg 601153-601159
//my_stock/media/audio/dynamic/notifications/MusicBox1_8.ogg 601160-601168
//my_stock/media/audio/dynamic/notifications/MusicBox1_9.ogg 601169-601176
//my_stock/media/audio/dynamic/notifications/MusicBoxPreview.ogg 601177-601210
//my_stock/media/theme/uxicons/xhdpi/icons-daylight 601211-601215
//my_stock/media/theme/uxicons/xhdpi/icons-meterial 601216-601219
//my_stock/media/theme/uxicons/xhdpi/icons-nightshadow 601220
//my_stock/media/theme/uxicons/xhdpi/icons-pebble 601221-601224
//my_stock/media/theme/uxicons/xhdpi/icons-rectangle 601225-601233
//my_stock/media/theme/uxicons/xxhdpi/icons-daylight 601234-601242
//my_stock/media/theme/uxicons/xxhdpi/icons-meterial 601243-601247
//my_stock/media/theme/uxicons/xxhdpi/icons-nightshadow 601248
//my_stock/media/theme/uxicons/xxhdpi/icons-pebble 601249-601252
//my_stock/media/theme/uxicons/xxhdpi/icons-rectangle 601253-601264
//my_stock/media/theme/uxicons/xxxhdpi/icons-daylight 601265-601277
//my_stock/media/theme/uxicons/xxxhdpi/icons-meterial 601278-601284
//my_stock/media/theme/uxicons/xxxhdpi/icons-nightshadow 601285
//my_stock/media/theme/uxicons/xxxhdpi/icons-pebble 601286-601289
//my_stock/media/theme/uxicons/xxxhdpi/icons-rectangle 601290-601305
//my_stock/priv-app/AccessoryFramework/oat/arm64/AccessoryFramework.vdex 601306-601387
//my_stock/priv-app/BlackListApp/oat/arm64/BlackListApp.vdex 601388-601420
//my_stock/priv-app/ColorfulEngine/oat/arm64/ColorfulEngine.vdex 601421-601460
//my_stock/priv-app/Contacts/oat/arm64/Contacts.art 601461-601681
//my_stock/priv-app/Contacts/oat/arm64/Contacts.odex 601682-602318
//my_stock/priv-app/Contacts/oat/arm64/Contacts.vdex 602319-602388
//my_stock/priv-app/Cota/oat/arm64/Cota.vdex 602389-602411
//my_stock/priv-app/DCS/oat/arm64/DCS.vdex 602412-602437
//my_stock/priv-app/DSF/oat/arm64/DSF.vdex 602438-602465
//my_stock/priv-app/DeviceIntegrationService/oat/arm64/DeviceIntegrationService.vdex 602466-602473
//my_stock/priv-app/Games/oat/arm64/Games.vdex 602474-602671
//my_stock/priv-app/GlobalSearch/oat/arm64/GlobalSearch.vdex 602672-602831
//my_stock/priv-app/HeyCast/oat/arm64/HeyCast.vdex 602832-602854
//my_stock/priv-app/InCallUI/oat/arm64/InCallUI.vdex 602855-602890
//my_stock/priv-app/KeKeMarket/oat/arm64/KeKeMarket.vdex 602891-603053
//my_stock/priv-app/KeKeThemeSpace/oat/arm64/KeKeThemeSpace.vdex 603054-603245
//my_stock/priv-app/KeKeUserCenter/oat/arm64/KeKeUserCenter.vdex 603246-603322
//my_stock/priv-app/LinktoWindows/oat/arm64/LinktoWindows.vdex 603323-603481
//my_stock/priv-app/LockAssistant/oat/arm64/LockAssistant.vdex 603482-603506
//my_stock/priv-app/MDSService/oat/arm64/MDSService.vdex 603507-603518
//my_stock/priv-app/MediaTurbo/oat/arm64/MediaTurbo.vdex 603519-603523
//my_stock/priv-app/Metis/oat/arm64/Metis.vdex 603524-603570
//my_stock/priv-app/Mms/oat/arm64/Mms.art 603571-603868
//my_stock/priv-app/Mms/oat/arm64/Mms.odex 603869-604678
//my_stock/priv-app/Mms/oat/arm64/Mms.vdex 604679-604766
//my_stock/priv-app/NumberRecognition/oat/arm64/NumberRecognition.vdex 604767-604784
//my_stock/priv-app/OPMemberShip/oat/arm64/OPMemberShip.vdex 604785-604849
//my_stock/priv-app/OPSynergy/oat/arm64/OPSynergy.vdex 604850-604922
//my_stock/priv-app/OShare/oat/arm64/OShare.vdex 604923-604969
//my_stock/priv-app/Omacp/oat/arm64/Omacp.vdex 604970-604984
//my_stock/priv-app/OplusBootReg/oat/arm64/OplusBootReg.art 604985-605041
//my_stock/priv-app/OplusBootReg/oat/arm64/OplusBootReg.odex 605042-605213
//my_stock/priv-app/OplusBootReg/oat/arm64/OplusBootReg.vdex 605214-605261
//my_stock/priv-app/OplusScreenRecorder/oat/arm64/OplusScreenRecorder.vdex 605262-605289
//my_stock/priv-app/OppoGallery2/oat/arm64/OppoGallery2.art 605290-605784
//my_stock/priv-app/OppoGallery2/oat/arm64/OppoGallery2.odex 605785-606489
//my_stock/priv-app/OppoGallery2/oat/arm64/OppoGallery2.vdex 606490-606723
//my_stock/priv-app/OppoTranslationService/oat/arm64/OppoTranslationService.vdex 606724-606765
//my_stock/priv-app/PhoneManager/lib/arm64/libaiunit_sdk_core.so 606766-606767
//my_stock/priv-app/PhoneManager/lib/arm64/libapplovin-native-crash-reporter.so 606768-606848
//my_stock/priv-app/PhoneManager/lib/arm64/libcrypto.so 606849-606871
//my_stock/priv-app/PhoneManager/lib/arm64/libdcc_cipher.so 606872-606873
//my_stock/priv-app/PhoneManager/lib/arm64/libmmkv.so 606874-606955
//my_stock/priv-app/Screenshot/oat/arm64/Screenshot.vdex 606956-606996
//my_stock/priv-app/UMS/oat/arm64/UMS.vdex 606997-607053
//my_stock/priv-app/Wallpapers/oat/arm64/Wallpapers.vdex 607054-607139
//my_stock/priv-app/dmp/oat/arm64/dmp.vdex 607140-607293
//my_stock/media/theme/uxicons/xhdpi/andes.oplus.documentsreader/day.png 607294-607295
//my_stock/media/theme/uxicons/xhdpi/com.airbnb.android/art_off.png 607296-607298
//my_stock/media/theme/uxicons/xhdpi/com.airbnb.android/mat.png 607299-607301
//my_stock/media/theme/uxicons/xhdpi/com.airbnb.android/recfg.png 607302-607303
//my_stock/media/theme/uxicons/xhdpi/com.android.contacts/day.png 607304-607305
//my_stock/media/theme/uxicons/xhdpi/com.android.contacts/dialer_day.png 607306-607307
//my_stock/media/theme/uxicons/xhdpi/com.android.contacts/dialer_recbg.png 607308-607309
//my_stock/media/theme/uxicons/xhdpi/com.android.contacts/dialer_recfg.png 607310
//my_stock/media/theme/uxicons/xhdpi/com.android.contacts/recbg.png 607311-607312
//my_stock/media/theme/uxicons/xhdpi/com.android.contacts/recfg.png 607313
//my_stock/media/theme/uxicons/xhdpi/com.android.email/day.png 607314-607316
//my_stock/media/theme/uxicons/xhdpi/com.android.fmradio/day.png 607317-607319
//my_stock/media/theme/uxicons/xhdpi/com.android.mms/day.png 607320-607321
//my_stock/media/theme/uxicons/xhdpi/com.android.mms/recbg.png 607322-607323
//my_stock/media/theme/uxicons/xhdpi/com.android.mms/recfg.png 607324-607325
//my_stock/media/theme/uxicons/xhdpi/com.android.settings/day.png 607326-607328
//my_stock/media/theme/uxicons/xhdpi/com.android.settings/mat.png 607329-607330
//my_stock/media/theme/uxicons/xhdpi/com.android.settings/recbg.png 607331-607333
//my_stock/media/theme/uxicons/xhdpi/com.android.settings/recfg.png 607334
//my_stock/media/theme/uxicons/xhdpi/com.android.stk/day.png 607335
//my_stock/media/theme/uxicons/xhdpi/com.caf.fmradio/day.png 607336-607338
//my_stock/media/theme/uxicons/xhdpi/com.coloros.alarmclock/day.png 607339-607340
//my_stock/media/theme/uxicons/xhdpi/com.coloros.backuprestore/day.png 607341
//my_stock/media/theme/uxicons/xhdpi/com.coloros.calculator/day.png 607342-607345
//my_stock/media/theme/uxicons/xhdpi/com.coloros.calendar/day.png 607346-607347
//my_stock/media/theme/uxicons/xhdpi/com.coloros.compass/day.png 607348-607350
//my_stock/media/theme/uxicons/xhdpi/com.coloros.compass2/day.png 607351-607353
//my_stock/media/theme/uxicons/xhdpi/com.coloros.familyguard/day.png 607354-607355
//my_stock/media/theme/uxicons/xhdpi/com.coloros.filemanager/day.png 607356-607357
//my_stock/media/theme/uxicons/xhdpi/com.coloros.findmyphone/day.png 607358-607361
//my_stock/media/theme/uxicons/xhdpi/com.coloros.findmyphone/mat.png 607362-607364
//my_stock/media/theme/uxicons/xhdpi/com.coloros.findmyphone/peb.png 607365
//my_stock/media/theme/uxicons/xhdpi/com.coloros.findmyphone/recbg.png 607366-607368
//my_stock/media/theme/uxicons/xhdpi/com.coloros.findmyphone/recfg.png 607369-607374
//my_stock/media/theme/uxicons/xhdpi/com.coloros.findphone.client2/day.png 607375-607378
//my_stock/media/theme/uxicons/xhdpi/com.coloros.gallery3d/day.png 607379-607381
//my_stock/media/theme/uxicons/xhdpi/com.coloros.musiclink/day.png 607382-607383
//my_stock/media/theme/uxicons/xhdpi/com.coloros.note/day.png 607384
//my_stock/media/theme/uxicons/xhdpi/com.coloros.ocrscanner/day.png 607385-607386
//my_stock/media/theme/uxicons/xhdpi/com.coloros.phonemanager/day.png 607387-607388
//my_stock/media/theme/uxicons/xhdpi/com.coloros.shortcuts/day.png 607389-607391
//my_stock/media/theme/uxicons/xhdpi/com.coloros.soundrecorder/day.png 607392-607393
//my_stock/media/theme/uxicons/xhdpi/com.coloros.video/day.png 607394-607395 607396
//my_stock/media/theme/uxicons/xhdpi/com.coloros.weather/day.png 607397-607399
//my_stock/media/theme/uxicons/xhdpi/com.coloros.weather2/day.png 607400-607402
//my_stock/media/theme/uxicons/xhdpi/com.ebay.mobile/art_off.png 607403-607404
//my_stock/media/theme/uxicons/xhdpi/com.ebay.mobile/recfg.png 607405
//my_stock/media/theme/uxicons/xhdpi/com.facebook.katana/art_off.png 607406
//my_stock/media/theme/uxicons/xhdpi/com.finshell.wallet/day.png 607407-607409
//my_stock/media/theme/uxicons/xhdpi/com.heytap.book/day.png 607410-607411
//my_stock/media/theme/uxicons/xhdpi/com.heytap.browser/day.png 607412-607414
//my_stock/media/theme/uxicons/xhdpi/com.heytap.browser/mat.png 607415
//my_stock/media/theme/uxicons/xhdpi/com.heytap.browser/recfg.png 607416
//my_stock/media/theme/uxicons/xhdpi/com.heytap.cloud/day.png 607417-607419
//my_stock/media/theme/uxicons/xhdpi/com.heytap.cloud/recbg.png 607420
//my_stock/media/theme/uxicons/xhdpi/com.heytap.health/day.png 607421
//my_stock/media/theme/uxicons/xhdpi/com.heytap.lock/day.png 607422-607424
//my_stock/media/theme/uxicons/xhdpi/com.heytap.market/day.png 607425-607426
//my_stock/media/theme/uxicons/xhdpi/com.heytap.music/day.png 607427-607428
//my_stock/media/theme/uxicons/xhdpi/com.heytap.quicksearchbox/day.png 607429-607431
//my_stock/media/theme/uxicons/xhdpi/com.heytap.reader/day.png 607432-607433
//my_stock/media/theme/uxicons/xhdpi/com.heytap.smarthome/day.png 607434-607435
//my_stock/media/theme/uxicons/xhdpi/com.heytap.themestore/day.png 607436-607437 607438
//my_stock/media/theme/uxicons/xhdpi/com.heytap.themestore/mat.png 607439-607441
//my_stock/media/theme/uxicons/xhdpi/com.heytap.themestore/recbg.png 607442-607444
//my_stock/media/theme/uxicons/xhdpi/com.heytap.yoli/day.png 607445-607446 607447
//my_stock/media/theme/uxicons/xhdpi/com.instagram.android/art_off.png 607448-607450
//my_stock/media/theme/uxicons/xhdpi/com.instagram.android/mat.png 607451
//my_stock/media/theme/uxicons/xhdpi/com.instagram.android/recbg.png 607452
//my_stock/media/theme/uxicons/xhdpi/com.microsoft.office.outlook/art_off.png 607453-607456
//my_stock/media/theme/uxicons/xhdpi/com.microsoft.office.outlook/mat.png 607457
//my_stock/media/theme/uxicons/xhdpi/com.microsoft.office.outlook/recfg.png 607458
//my_stock/media/theme/uxicons/xhdpi/com.nearme.gamecenter/day.png 607459-607460
//my_stock/media/theme/uxicons/xhdpi/com.nearme.instant.platform/day.png 607461
//my_stock/media/theme/uxicons/xhdpi/com.oneplus.backuprestore/day.png 607462
//my_stock/media/theme/uxicons/xhdpi/com.oneplus.backuprestore/mat.png 607463-607465
//my_stock/media/theme/uxicons/xhdpi/com.oneplus.backuprestore/recbg.png 607466-607467
//my_stock/media/theme/uxicons/xhdpi/com.oneplus.backuprestore/recfg.png 607468
//my_stock/media/theme/uxicons/xhdpi/com.oneplus.brickmode/day.png 607469-607471
//my_stock/media/theme/uxicons/xhdpi/com.oneplus.brickmode/recbg.png 607472-607474
//my_stock/media/theme/uxicons/xhdpi/com.oneplus.brickmode/recfg.png 607475-607479
//my_stock/media/theme/uxicons/xhdpi/com.oneplus.calculator/day.png 607480-607483
//my_stock/media/theme/uxicons/xhdpi/com.oneplus.calculator/mat.png 607484-607485
//my_stock/media/theme/uxicons/xhdpi/com.oneplus.calculator/recbg.png 607486-607488
//my_stock/media/theme/uxicons/xhdpi/com.oneplus.calculator/recfg.png 607489-607491
//my_stock/media/theme/uxicons/xhdpi/com.oneplus.camera/mat.png 607492-607494
//my_stock/media/theme/uxicons/xhdpi/com.oneplus.camera/peb.png 607495
//my_stock/media/theme/uxicons/xhdpi/com.oneplus.camera/recbg.png 607496
//my_stock/media/theme/uxicons/xhdpi/com.oneplus.camera/recfg.png 607497-607499
//my_stock/media/theme/uxicons/xhdpi/com.oneplus.deskclock/day.png 607500-607501
//my_stock/media/theme/uxicons/xhdpi/com.oneplus.deskclock/mat.png 607502-607503
//my_stock/media/theme/uxicons/xhdpi/com.oneplus.deskclock/recbg.png 607504-607505
//my_stock/media/theme/uxicons/xhdpi/com.oneplus.filemanager/day.png 607506-607507
//my_stock/media/theme/uxicons/xhdpi/com.oneplus.filemanager/mat.png 607508-607509
//my_stock/media/theme/uxicons/xhdpi/com.oneplus.filemanager/recbg.png 607510-607512
//my_stock/media/theme/uxicons/xhdpi/com.oneplus.filemanager/recfg.png 607513-607514
//my_stock/media/theme/uxicons/xhdpi/com.oneplus.gallery/day.png 607515-607517
//my_stock/media/theme/uxicons/xhdpi/com.oneplus.gallery/mat.png 607518-607519
//my_stock/media/theme/uxicons/xhdpi/com.oneplus.gallery/recbg.png 607520-607521
//my_stock/media/theme/uxicons/xhdpi/com.oneplus.gallery/recfg.png 607522-607523
//my_stock/media/theme/uxicons/xhdpi/com.oneplus.mall/recbg.png 607524-607526
//my_stock/media/theme/uxicons/xhdpi/com.oneplus.member/recbg.png 607527-607528
//my_stock/media/theme/uxicons/xhdpi/com.oneplus.member/recfg.png 607529-607530
//my_stock/media/theme/uxicons/xhdpi/com.oneplus.mms/recbg.png 607531-607532
//my_stock/media/theme/uxicons/xhdpi/com.oneplus.mms/recfg.png 607533-607534
//my_stock/media/theme/uxicons/xhdpi/com.oneplus.note/day.png 607535
//my_stock/media/theme/uxicons/xhdpi/com.oneplus.note/mat.png 607536-607537
//my_stock/media/theme/uxicons/xhdpi/com.oneplus.note/recbg.png 607538-607540
//my_stock/media/theme/uxicons/xhdpi/com.oneplus.note/recfg.png 607541
//my_stock/media/theme/uxicons/xhdpi/com.oneplus.soundrecorder/day.png 607542-607543
//my_stock/media/theme/uxicons/xhdpi/com.oneplus.soundrecorder/mat.png 607544-607545
//my_stock/media/theme/uxicons/xhdpi/com.oneplus.soundrecorder/recbg.png 607546-607547
//my_stock/media/theme/uxicons/xhdpi/com.oneplus.store/recbg.png 607548-607550
//my_stock/media/theme/uxicons/xhdpi/com.oplus.calendar/day.png 607551-607552
//my_stock/media/theme/uxicons/xhdpi/com.oplus.camera/day.png 607553-607555
//my_stock/media/theme/uxicons/xhdpi/com.oplus.camera/recbg.png 607556-607558
//my_stock/media/theme/uxicons/xhdpi/com.oplus.camera/recfg.png 607559-607562
//my_stock/media/theme/uxicons/xhdpi/com.oplus.consumerIRApp/day.png 607563
//my_stock/media/theme/uxicons/xhdpi/com.oplus.consumerIRApp/mat.png 607564
//my_stock/media/theme/uxicons/xhdpi/com.oplus.consumerIRApp/recbg.png 607565-607566
//my_stock/media/theme/uxicons/xhdpi/com.oplus.consumerIRApp/recfg.png 607567
//my_stock/media/theme/uxicons/xhdpi/com.oplus.games/mat.png 607568-607569
//my_stock/media/theme/uxicons/xhdpi/com.oplus.games/recbg.png 607570-607572
//my_stock/media/theme/uxicons/xhdpi/com.oplus.games/recfg.png 607573-607576
//my_stock/media/theme/uxicons/xhdpi/com.oplus.logkit/recfg.png 607577
//my_stock/media/theme/uxicons/xhdpi/com.oplus.member/day.png 607578
//my_stock/media/theme/uxicons/xhdpi/com.oplus.phonemanager/day.png 607579-607580
//my_stock/media/theme/uxicons/xhdpi/com.oplus.phonemanager/mat.png 607581
//my_stock/media/theme/uxicons/xhdpi/com.oplus.phonemanager/peb.png 607582
//my_stock/media/theme/uxicons/xhdpi/com.oplus.phonemanager/recbg.png 607583-607584
//my_stock/media/theme/uxicons/xhdpi/com.oplus.phonemanager/recfg.png 607585
//my_stock/media/theme/uxicons/xhdpi/com.oplus.play/day.png 607586-607587
//my_stock/media/theme/uxicons/xhdpi/com.oplus.themestore/mat.png 607588-607589
//my_stock/media/theme/uxicons/xhdpi/com.oplus.themestore/recbg.png 607590-607591
//my_stock/media/theme/uxicons/xhdpi/com.oplus.themestore/recfg.png 607592-607593
//my_stock/media/theme/uxicons/xhdpi/com.oplus.vip/recbg.png 607594-607595
//my_stock/media/theme/uxicons/xhdpi/com.oplus.vip/recfg.png 607596-607597
//my_stock/media/theme/uxicons/xhdpi/com.opluskgd.onetaplocking/day.png 607598-607600
//my_stock/media/theme/uxicons/xhdpi/com.opluskgd.onetaplocking/mat.png 607601-607603
//my_stock/media/theme/uxicons/xhdpi/com.opluskgd.onetaplocking/peb.png 607604
//my_stock/media/theme/uxicons/xhdpi/com.opluskgd.onetaplocking/recbg.png 607605-607607
//my_stock/media/theme/uxicons/xhdpi/com.opluskgd.onetaplocking/recfg.png 607608-607612
//my_stock/media/theme/uxicons/xhdpi/com.oppo.community/day.png 607613-607615
//my_stock/media/theme/uxicons/xhdpi/com.paypal.android.p2pmobile/art_off.png 607616-607622
//my_stock/media/theme/uxicons/xhdpi/com.paypal.android.p2pmobile/mat.png 607623
//my_stock/media/theme/uxicons/xhdpi/com.paypal.android.p2pmobile/recbg.png 607624-607631
//my_stock/media/theme/uxicons/xhdpi/com.paypal.android.p2pmobile/recfg.png 607632
//my_stock/media/theme/uxicons/xhdpi/com.pinterest/art_off.png 607633
//my_stock/media/theme/uxicons/xhdpi/com.redteamobile.roaming/day.png 607634-607636
//my_stock/media/theme/uxicons/xhdpi/com.spotify.music/mat.png 607637-607638
//my_stock/media/theme/uxicons/xhdpi/com.spotify.music/recfg.png 607639-607640
//my_stock/media/theme/uxicons/xhdpi/com.xyyzsgxyl.traceless/day.png 607641-607643
//my_stock/media/theme/uxicons/xhdpi/in.amazon.mShop.android.shopping/mat.png 607644
//my_stock/media/theme/uxicons/xhdpi/in.amazon.mShop.android.shopping/recbg.png 607645-607646
//my_stock/media/theme/uxicons/xhdpi/net.oneplus.forums/mat.png 607647-607649
//my_stock/media/theme/uxicons/xhdpi/net.oneplus.forums/recbg.png 607650-607651
//my_stock/media/theme/uxicons/xhdpi/net.oneplus.forums/recfg.png 607652-607654
//my_stock/media/theme/uxicons/xhdpi/net.oneplus.weather/day.png 607655-607657
//my_stock/media/theme/uxicons/xhdpi/net.oneplus.weather/mat.png 607658-607659
//my_stock/media/theme/uxicons/xhdpi/net.oneplus.weather/recbg.png 607660-607662
//my_stock/media/theme/uxicons/xhdpi/net.oneplus.weather/recfg.png 607663
//my_stock/media/theme/uxicons/xhdpi/tv.danmaku.bili/mat.png 607664-607666
//my_stock/media/theme/uxicons/xhdpi/tv.danmaku.bili/nsd.png 607667
//my_stock/media/theme/uxicons/xhdpi/tv.danmaku.bili/recbg.png 607668
//my_stock/media/theme/uxicons/xxhdpi/andes.oplus.documentsreader/day.png 607669-607673
//my_stock/media/theme/uxicons/xxhdpi/cmb.pb/nsd.png 607674
//my_stock/media/theme/uxicons/xxhdpi/com.Qunar/nsd.png 607675
//my_stock/media/theme/uxicons/xxhdpi/com.airbnb.android/art_off.png 607676-607678
//my_stock/media/theme/uxicons/xxhdpi/com.airbnb.android/mat.png 607679-607681
//my_stock/media/theme/uxicons/xxhdpi/com.airbnb.android/recfg.png 607682-607683
//my_stock/media/theme/uxicons/xxhdpi/com.android.bankabc/nsd.png 607684
//my_stock/media/theme/uxicons/xxhdpi/com.android.contacts/day.png 607685-607689
//my_stock/media/theme/uxicons/xxhdpi/com.android.contacts/dialer_day.png 607690-607694
//my_stock/media/theme/uxicons/xxhdpi/com.android.contacts/dialer_mat.png 607695
//my_stock/media/theme/uxicons/xxhdpi/com.android.contacts/dialer_recbg.png 607696-607700
//my_stock/media/theme/uxicons/xxhdpi/com.android.contacts/dialer_recfg.png 607701-607702
//my_stock/media/theme/uxicons/xxhdpi/com.android.contacts/recbg.png 607703-607706
//my_stock/media/theme/uxicons/xxhdpi/com.android.contacts/recfg.png 607707-607709
//my_stock/media/theme/uxicons/xxhdpi/com.android.email/day.png 607710-607715
//my_stock/media/theme/uxicons/xxhdpi/com.android.fmradio/day.png 607716-607721
//my_stock/media/theme/uxicons/xxhdpi/com.android.mms/day.png 607722-607726
//my_stock/media/theme/uxicons/xxhdpi/com.android.mms/recbg.png 607727-607732
//my_stock/media/theme/uxicons/xxhdpi/com.android.mms/recfg.png 607733-607737
//my_stock/media/theme/uxicons/xxhdpi/com.android.permissioncontroller/nsd.png 607738
//my_stock/media/theme/uxicons/xxhdpi/com.android.settings/day.png 607739-607744
//my_stock/media/theme/uxicons/xxhdpi/com.android.settings/mat.png 607745-607748
//my_stock/media/theme/uxicons/xxhdpi/com.android.settings/peb.png 607749
//my_stock/media/theme/uxicons/xxhdpi/com.android.settings/recbg.png 607750-607756
//my_stock/media/theme/uxicons/xxhdpi/com.android.settings/recfg.png 607757-607758
//my_stock/media/theme/uxicons/xxhdpi/com.android.stk/day.png 607759-607761
//my_stock/media/theme/uxicons/xxhdpi/com.baidu.netdisk/nsd.png 607762
//my_stock/media/theme/uxicons/xxhdpi/com.baidu.searchbox.lite/nsd.png 607763
//my_stock/media/theme/uxicons/xxhdpi/com.bankcomm.Bankcomm/nsd.png 607764
//my_stock/media/theme/uxicons/xxhdpi/com.caf.fmradio/day.png 607765-607770
//my_stock/media/theme/uxicons/xxhdpi/com.chinamworld.bocmbci/nsd.png 607771
//my_stock/media/theme/uxicons/xxhdpi/com.chinamworld.main/nsd.png 607772
//my_stock/media/theme/uxicons/xxhdpi/com.coloros.alarmclock/day.png 607773-607777
//my_stock/media/theme/uxicons/xxhdpi/com.coloros.backuprestore/day.png 607778-607780
//my_stock/media/theme/uxicons/xxhdpi/com.coloros.calculator/day.png 607781-607788
//my_stock/media/theme/uxicons/xxhdpi/com.coloros.calculator/nsd.png 607789
//my_stock/media/theme/uxicons/xxhdpi/com.coloros.calendar/day.png 607790-607793
//my_stock/media/theme/uxicons/xxhdpi/com.coloros.compass/day.png 607794-607800
//my_stock/media/theme/uxicons/xxhdpi/com.coloros.compass2/day.png 607801-607807
//my_stock/media/theme/uxicons/xxhdpi/com.coloros.familyguard/day.png 607808-607812
//my_stock/media/theme/uxicons/xxhdpi/com.coloros.filemanager/day.png 607813-607816
//my_stock/media/theme/uxicons/xxhdpi/com.coloros.findmyphone/day.png 607817-607824
//my_stock/media/theme/uxicons/xxhdpi/com.coloros.findphone.client2/day.png 607825-607832
//my_stock/media/theme/uxicons/xxhdpi/com.coloros.gallery3d/day.png 607833-607838
//my_stock/media/theme/uxicons/xxhdpi/com.coloros.musiclink/day.png 607839-607844
//my_stock/media/theme/uxicons/xxhdpi/com.coloros.note/day.png 607845-607847
//my_stock/media/theme/uxicons/xxhdpi/com.coloros.ocrscanner/day.png 607848-607852
//my_stock/media/theme/uxicons/xxhdpi/com.coloros.phonemanager/day.png 607853-607857
//my_stock/media/theme/uxicons/xxhdpi/com.coloros.shortcuts/day.png 607858-607863
//my_stock/media/theme/uxicons/xxhdpi/com.coloros.soundrecorder/day.png 607864-607868
//my_stock/media/theme/uxicons/xxhdpi/com.coloros.video/day.png 607869-607874
//my_stock/media/theme/uxicons/xxhdpi/com.coloros.weather/day.png 607875-607881
//my_stock/media/theme/uxicons/xxhdpi/com.coloros.weather2/day.png 607882-607888
//my_stock/media/theme/uxicons/xxhdpi/com.dianping.v1/nsd.png 607889
//my_stock/media/theme/uxicons/xxhdpi/com.dragon.read/nsd.png 607890
//my_stock/media/theme/uxicons/xxhdpi/com.ebay.mobile/art_off.png 607891-607892
//my_stock/media/theme/uxicons/xxhdpi/com.ebay.mobile/mat.png 607893-607894
//my_stock/media/theme/uxicons/xxhdpi/com.ebay.mobile/recfg.png 607895
//my_stock/media/theme/uxicons/xxhdpi/com.facebook.katana/art_off.png 607896-607898
//my_stock/media/theme/uxicons/xxhdpi/com.facebook.katana/mat.png 607899
//my_stock/media/theme/uxicons/xxhdpi/com.facebook.katana/recbg.png 607900
//my_stock/media/theme/uxicons/xxhdpi/com.finshell.wallet/day.png 607901-607906
//my_stock/media/theme/uxicons/xxhdpi/com.greenpoint.android.mc10086.activity/nsd.png 607907
//my_stock/media/theme/uxicons/xxhdpi/com.heytap.book/day.png 607908-607912
//my_stock/media/theme/uxicons/xxhdpi/com.heytap.browser/day.png 607913-607918
//my_stock/media/theme/uxicons/xxhdpi/com.heytap.browser/mat.png 607919-607920
//my_stock/media/theme/uxicons/xxhdpi/com.heytap.browser/recfg.png 607921-607922
//my_stock/media/theme/uxicons/xxhdpi/com.heytap.cloud/day.png 607923-607928 607929
//my_stock/media/theme/uxicons/xxhdpi/com.heytap.cloud/mat.png 607930-607935
//my_stock/media/theme/uxicons/xxhdpi/com.heytap.cloud/peb.png 607936 607937
//my_stock/media/theme/uxicons/xxhdpi/com.heytap.cloud/recbg.png 607938-607943
//my_stock/media/theme/uxicons/xxhdpi/com.heytap.cloud/recfg.png 607944-607945
//my_stock/media/theme/uxicons/xxhdpi/com.heytap.health/day.png 607946-607947
//my_stock/media/theme/uxicons/xxhdpi/com.heytap.lock/day.png 607948-607953
//my_stock/media/theme/uxicons/xxhdpi/com.heytap.market/day.png 607954-607957
//my_stock/media/theme/uxicons/xxhdpi/com.heytap.music/day.png 607958-607962
//my_stock/media/theme/uxicons/xxhdpi/com.heytap.music/mat.png 607963
//my_stock/media/theme/uxicons/xxhdpi/com.heytap.quicksearchbox/day.png 607964-607969
//my_stock/media/theme/uxicons/xxhdpi/com.heytap.reader/day.png 607970-607974
//my_stock/media/theme/uxicons/xxhdpi/com.heytap.smarthome/day.png 607975-607979
//my_stock/media/theme/uxicons/xxhdpi/com.heytap.smarthome/recfg.png 607980
//my_stock/media/theme/uxicons/xxhdpi/com.heytap.themestore/day.png 607981-607986
//my_stock/media/theme/uxicons/xxhdpi/com.heytap.themestore/mat.png 607987-607992
//my_stock/media/theme/uxicons/xxhdpi/com.heytap.themestore/peb.png 607993
//my_stock/media/theme/uxicons/xxhdpi/com.heytap.themestore/recbg.png 607994-607999
//my_stock/media/theme/uxicons/xxhdpi/com.heytap.yoli/day.png 608000-608005
//my_stock/media/theme/uxicons/xxhdpi/com.icbc/nsd.png 608006
//my_stock/media/theme/uxicons/xxhdpi/com.instagram.android/art_off.png 608007-608013
//my_stock/media/theme/uxicons/xxhdpi/com.instagram.android/mat.png 608014
//my_stock/media/theme/uxicons/xxhdpi/com.instagram.android/recbg.png 608015-608018
//my_stock/media/theme/uxicons/xxhdpi/com.kugou.android.lite/nsd.png 608019
//my_stock/media/theme/uxicons/xxhdpi/com.lemon.lv/nsd.png 608020
//my_stock/media/theme/uxicons/xxhdpi/com.miHoYo.Yuanshen/nsd.png 608021
//my_stock/media/theme/uxicons/xxhdpi/com.miHoYo.hkrpg/nsd.png 608022
//my_stock/media/theme/uxicons/xxhdpi/com.microsoft.office.outlook/art_off.png 608023-608026
//my_stock/media/theme/uxicons/xxhdpi/com.microsoft.office.outlook/mat.png 608027
//my_stock/media/theme/uxicons/xxhdpi/com.nearme.gamecenter/day.png 608028-608031
//my_stock/media/theme/uxicons/xxhdpi/com.nearme.gamecenter/recfg.png 608032
//my_stock/media/theme/uxicons/xxhdpi/com.nearme.instant.platform/day.png 608033-608035
//my_stock/media/theme/uxicons/xxhdpi/com.netease.cloudmusic/nsd.png 608036
//my_stock/media/theme/uxicons/xxhdpi/com.oneplus.backuprestore/day.png 608037-608039
//my_stock/media/theme/uxicons/xxhdpi/com.oneplus.backuprestore/mat.png 608040-608046
//my_stock/media/theme/uxicons/xxhdpi/com.oneplus.backuprestore/peb.png 608047
//my_stock/media/theme/uxicons/xxhdpi/com.oneplus.backuprestore/recbg.png 608048-608051
//my_stock/media/theme/uxicons/xxhdpi/com.oneplus.backuprestore/recfg.png 608052-608053
//my_stock/media/theme/uxicons/xxhdpi/com.oneplus.brickmode/day.png 608054-608060
//my_stock/media/theme/uxicons/xxhdpi/com.oneplus.brickmode/nsd.png 608061
//my_stock/media/theme/uxicons/xxhdpi/com.oneplus.brickmode/recbg.png 608062-608067
//my_stock/media/theme/uxicons/xxhdpi/com.oneplus.brickmode/recfg.png 608068-608077
//my_stock/media/theme/uxicons/xxhdpi/com.oneplus.calculator/day.png 608078-608085
//my_stock/media/theme/uxicons/xxhdpi/com.oneplus.calculator/mat.png 608086-608089
//my_stock/media/theme/uxicons/xxhdpi/com.oneplus.calculator/nsd.png 608090
//my_stock/media/theme/uxicons/xxhdpi/com.oneplus.calculator/peb.png 608091
//my_stock/media/theme/uxicons/xxhdpi/com.oneplus.calculator/recbg.png 608092-608097
//my_stock/media/theme/uxicons/xxhdpi/com.oneplus.calculator/recfg.png 608098-608102
//my_stock/media/theme/uxicons/xxhdpi/com.oneplus.camera/mat.png 608103-608108
//my_stock/media/theme/uxicons/xxhdpi/com.oneplus.camera/peb.png 608109
//my_stock/media/theme/uxicons/xxhdpi/com.oneplus.camera/recbg.png 608110-608113
//my_stock/media/theme/uxicons/xxhdpi/com.oneplus.camera/recfg.png 608114-608120
//my_stock/media/theme/uxicons/xxhdpi/com.oneplus.deskclock/day.png 608121-608125
//my_stock/media/theme/uxicons/xxhdpi/com.oneplus.deskclock/mat.png 608126-608129
//my_stock/media/theme/uxicons/xxhdpi/com.oneplus.deskclock/peb.png 608130
//my_stock/media/theme/uxicons/xxhdpi/com.oneplus.deskclock/recbg.png 608131-608134
//my_stock/media/theme/uxicons/xxhdpi/com.oneplus.deskclock/recfg.png 608135
//my_stock/media/theme/uxicons/xxhdpi/com.oneplus.filemanager/day.png 608136-608139
//my_stock/media/theme/uxicons/xxhdpi/com.oneplus.filemanager/mat.png 608140-608143
//my_stock/media/theme/uxicons/xxhdpi/com.oneplus.filemanager/monochrome.png 608144
//my_stock/media/theme/uxicons/xxhdpi/com.oneplus.filemanager/recbg.png 608145-608150
//my_stock/media/theme/uxicons/xxhdpi/com.oneplus.filemanager/recfg.png 608151-608154
//my_stock/media/theme/uxicons/xxhdpi/com.oneplus.gallery/day.png 608155-608160
//my_stock/media/theme/uxicons/xxhdpi/com.oneplus.gallery/mat.png 608161-608165
//my_stock/media/theme/uxicons/xxhdpi/com.oneplus.gallery/peb.png 608166
//my_stock/media/theme/uxicons/xxhdpi/com.oneplus.gallery/recbg.png 608167-608172
//my_stock/media/theme/uxicons/xxhdpi/com.oneplus.gallery/recfg.png 608173-608176
//my_stock/media/theme/uxicons/xxhdpi/com.oneplus.mall/recbg.png 608177-608182
//my_stock/media/theme/uxicons/xxhdpi/com.oneplus.member/recbg.png 608183-608187
//my_stock/media/theme/uxicons/xxhdpi/com.oneplus.member/recfg.png 608188-608192
//my_stock/media/theme/uxicons/xxhdpi/com.oneplus.mms/recbg.png 608193-608198
//my_stock/media/theme/uxicons/xxhdpi/com.oneplus.mms/recfg.png 608199-608203
//my_stock/media/theme/uxicons/xxhdpi/com.oneplus.note/day.png 608204-608206
//my_stock/media/theme/uxicons/xxhdpi/com.oneplus.note/mat.png 608207-608211
//my_stock/media/theme/uxicons/xxhdpi/com.oneplus.note/recbg.png 608212-608217
//my_stock/media/theme/uxicons/xxhdpi/com.oneplus.note/recfg.png 608218-608220
//my_stock/media/theme/uxicons/xxhdpi/com.oneplus.soundrecorder/day.png 608221-608225
//my_stock/media/theme/uxicons/xxhdpi/com.oneplus.soundrecorder/mat.png 608226-608230
//my_stock/media/theme/uxicons/xxhdpi/com.oneplus.soundrecorder/recbg.png 608231-608234
//my_stock/media/theme/uxicons/xxhdpi/com.oneplus.soundrecorder/recfg.png 608235
//my_stock/media/theme/uxicons/xxhdpi/com.oneplus.store/recbg.png 608236-608241
//my_stock/media/theme/uxicons/xxhdpi/com.oplus.calendar/day.png 608242-608245
//my_stock/media/theme/uxicons/xxhdpi/com.oplus.camera/day.png 608246-608252
//my_stock/media/theme/uxicons/xxhdpi/com.oplus.camera/mat.png 608253
//my_stock/media/theme/uxicons/xxhdpi/com.oplus.camera/recbg.png 608254-608259
//my_stock/media/theme/uxicons/xxhdpi/com.oplus.camera/recfg.png 608260-608267
//my_stock/media/theme/uxicons/xxhdpi/com.oplus.consumerIRApp/day.png 608268-608270
//my_stock/media/theme/uxicons/xxhdpi/com.oplus.consumerIRApp/mat.png 608271-608273
//my_stock/media/theme/uxicons/xxhdpi/com.oplus.consumerIRApp/monochrome.png 608274
//my_stock/media/theme/uxicons/xxhdpi/com.oplus.consumerIRApp/peb.png 608275
//my_stock/media/theme/uxicons/xxhdpi/com.oplus.consumerIRApp/recbg.png 608276-608280
//my_stock/media/theme/uxicons/xxhdpi/com.oplus.consumerIRApp/recfg.png 608281-608282
//my_stock/media/theme/uxicons/xxhdpi/com.oplus.games/mat.png 608283-608287
//my_stock/media/theme/uxicons/xxhdpi/com.oplus.games/peb.png 608288
//my_stock/media/theme/uxicons/xxhdpi/com.oplus.games/recbg.png 608289-608294
//my_stock/media/theme/uxicons/xxhdpi/com.oplus.games/recfg.png 608295-608303
//my_stock/media/theme/uxicons/xxhdpi/com.oplus.logkit/recfg.png 608304-608305
//my_stock/media/theme/uxicons/xxhdpi/com.oplus.member/day.png 608306-608308
//my_stock/media/theme/uxicons/xxhdpi/com.oplus.phonemanager/day.png 608309-608313
//my_stock/media/theme/uxicons/xxhdpi/com.oplus.phonemanager/mat.png 608314-608315
//my_stock/media/theme/uxicons/xxhdpi/com.oplus.phonemanager/peb.png 608316-608317
//my_stock/media/theme/uxicons/xxhdpi/com.oplus.phonemanager/recbg.png 608318-608323
//my_stock/media/theme/uxicons/xxhdpi/com.oplus.phonemanager/recfg.png 608324
//my_stock/media/theme/uxicons/xxhdpi/com.oplus.play/day.png 608325-608328
//my_stock/media/theme/uxicons/xxhdpi/com.oplus.play/mat.png 608329
//my_stock/media/theme/uxicons/xxhdpi/com.oplus.themestore/mat.png 608330-608332
//my_stock/media/theme/uxicons/xxhdpi/com.oplus.themestore/recbg.png 608333-608338
//my_stock/media/theme/uxicons/xxhdpi/com.oplus.themestore/recfg.png 608339-608342
//my_stock/media/theme/uxicons/xxhdpi/com.oplus.vip/recbg.png 608343-608347
//my_stock/media/theme/uxicons/xxhdpi/com.oplus.vip/recfg.png 608348-608352
//my_stock/media/theme/uxicons/xxhdpi/com.opluskgd.onetaplocking/day.png 608353-608358
//my_stock/media/theme/uxicons/xxhdpi/com.opluskgd.onetaplocking/mat.png 608359-608365
//my_stock/media/theme/uxicons/xxhdpi/com.opluskgd.onetaplocking/peb.png 608366
//my_stock/media/theme/uxicons/xxhdpi/com.opluskgd.onetaplocking/recbg.png 608367-608372
//my_stock/media/theme/uxicons/xxhdpi/com.opluskgd.onetaplocking/recfg.png 608373-608382
//my_stock/media/theme/uxicons/xxhdpi/com.oppo.community/day.png 608383-608388
//my_stock/media/theme/uxicons/xxhdpi/com.paypal.android.p2pmobile/art_off.png 608389-608395
//my_stock/media/theme/uxicons/xxhdpi/com.paypal.android.p2pmobile/mat.png 608396
//my_stock/media/theme/uxicons/xxhdpi/com.paypal.android.p2pmobile/recbg.png 608397-608404
//my_stock/media/theme/uxicons/xxhdpi/com.paypal.android.p2pmobile/recfg.png 608405
//my_stock/media/theme/uxicons/xxhdpi/com.pingan.paces.ccms/nsd.png 608406
//my_stock/media/theme/uxicons/xxhdpi/com.pinterest/art_off.png 608407-608408
//my_stock/media/theme/uxicons/xxhdpi/com.pinterest/mat.png 608409
//my_stock/media/theme/uxicons/xxhdpi/com.redteamobile.roaming/day.png 608410-608416
//my_stock/media/theme/uxicons/xxhdpi/com.sina.weibo/nsd.png 608417
//my_stock/media/theme/uxicons/xxhdpi/com.snapchat.android/mat.png 608418
//my_stock/media/theme/uxicons/xxhdpi/com.spotify.music/mat.png 608419-608421
//my_stock/media/theme/uxicons/xxhdpi/com.spotify.music/recfg.png 608422-608424
//my_stock/media/theme/uxicons/xxhdpi/com.ss.android.article.lite/nsd.png 608425
//my_stock/media/theme/uxicons/xxhdpi/com.taobao.litetao/nsd.png 608426
//my_stock/media/theme/uxicons/xxhdpi/com.taobao.taobao/nsd.png 608427
//my_stock/media/theme/uxicons/xxhdpi/com.tencent.karaoke/nsd.png 608428
//my_stock/media/theme/uxicons/xxhdpi/com.tencent.mobileqq/nsd.png 608429
//my_stock/media/theme/uxicons/xxhdpi/com.tencent.news/nsd.png 608430
//my_stock/media/theme/uxicons/xxhdpi/com.tencent.qqmusic/nsd.png 608431
//my_stock/media/theme/uxicons/xxhdpi/com.tencent.tmgp.sgame/nsd.png 608432
//my_stock/media/theme/uxicons/xxhdpi/com.tianyancha.skyeye/nsd.png 608433
//my_stock/media/theme/uxicons/xxhdpi/com.tongcheng.android/nsd.png 608434
//my_stock/media/theme/uxicons/xxhdpi/com.twitter.android/art_off.png 608435
//my_stock/media/theme/uxicons/xxhdpi/com.xs.fm/nsd.png 608436
//my_stock/media/theme/uxicons/xxhdpi/com.xs.fm.lite/nsd.png 608437
//my_stock/media/theme/uxicons/xxhdpi/com.xt.retouch/nsd.png 608438
//my_stock/media/theme/uxicons/xxhdpi/com.xunmeng.pinduoduo/nsd.png 608439
//my_stock/media/theme/uxicons/xxhdpi/com.xyyzsgxyl.traceless/day.png 608440-608446
//my_stock/media/theme/uxicons/xxhdpi/com.yitong.mbank.psbc/nsd.png 608447
//my_stock/media/theme/uxicons/xxhdpi/com.youku.phone/nsd.png 608448
//my_stock/media/theme/uxicons/xxhdpi/ctrip.android.view/nsd.png 608449
//my_stock/media/theme/uxicons/xxhdpi/in.amazon.mShop.android.shopping/mat.png 608450-608452
//my_stock/media/theme/uxicons/xxhdpi/in.amazon.mShop.android.shopping/recbg.png 608453-608456
//my_stock/media/theme/uxicons/xxhdpi/me.ele/nsd.png 608457
//my_stock/media/theme/uxicons/xxhdpi/net.oneplus.forums/mat.png 608458-608463
//my_stock/media/theme/uxicons/xxhdpi/net.oneplus.forums/peb.png 608464
//my_stock/media/theme/uxicons/xxhdpi/net.oneplus.forums/recbg.png 608465-608469
//my_stock/media/theme/uxicons/xxhdpi/net.oneplus.forums/recfg.png 608470-608475
//my_stock/media/theme/uxicons/xxhdpi/net.oneplus.weather/day.png 608476-608482
//my_stock/media/theme/uxicons/xxhdpi/net.oneplus.weather/mat.png 608483-608487
//my_stock/media/theme/uxicons/xxhdpi/net.oneplus.weather/peb.png 608488
//my_stock/media/theme/uxicons/xxhdpi/net.oneplus.weather/recbg.png 608489-608494
//my_stock/media/theme/uxicons/xxhdpi/net.oneplus.weather/recfg.png 608495-608497
//my_stock/media/theme/uxicons/xxhdpi/tv.danmaku.bili/mat.png 608498-608503
//my_stock/media/theme/uxicons/xxhdpi/tv.danmaku.bili/nsd.png 608504-608505
//my_stock/media/theme/uxicons/xxhdpi/tv.danmaku.bili/recbg.png 608506
//my_stock/media/theme/uxicons/xxhdpi/tv.danmaku.bili/recfg.png 608507
//my_stock/media/theme/uxicons/xxxhdpi/andes.oplus.documentsreader/day.png 608508-608515
//my_stock/media/theme/uxicons/xxxhdpi/cmb.pb/nsd.png 608516
//my_stock/media/theme/uxicons/xxxhdpi/com.MobileTicket/nsd.png 608517
//my_stock/media/theme/uxicons/xxxhdpi/com.Qunar/nsd.png 608518
//my_stock/media/theme/uxicons/xxxhdpi/com.UCMobile/nsd.png 608519
//my_stock/media/theme/uxicons/xxxhdpi/com.achievo.vipshop/nsd.png 608520
//my_stock/media/theme/uxicons/xxxhdpi/com.airbnb.android/art_off.png 608521-608523
//my_stock/media/theme/uxicons/xxxhdpi/com.airbnb.android/mat.png 608524-608526
//my_stock/media/theme/uxicons/xxxhdpi/com.airbnb.android/recfg.png 608527-608528
//my_stock/media/theme/uxicons/xxxhdpi/com.alibaba.android.rimet/nsd.png 608529
//my_stock/media/theme/uxicons/xxxhdpi/com.alibaba.wireless/nsd.png 608530
//my_stock/media/theme/uxicons/xxxhdpi/com.android.bankabc/nsd.png 608531
//my_stock/media/theme/uxicons/xxxhdpi/com.android.bluetooth/share_blue.png 608532
//my_stock/media/theme/uxicons/xxxhdpi/com.android.contacts/day.png 608533-608541
//my_stock/media/theme/uxicons/xxxhdpi/com.android.contacts/dialer_day.png 608542-608550
//my_stock/media/theme/uxicons/xxxhdpi/com.android.contacts/dialer_mat.png 608551
//my_stock/media/theme/uxicons/xxxhdpi/com.android.contacts/dialer_recbg.png 608552-608559
//my_stock/media/theme/uxicons/xxxhdpi/com.android.contacts/dialer_recfg.png 608560-608563
//my_stock/media/theme/uxicons/xxxhdpi/com.android.contacts/mat.png 608564
//my_stock/media/theme/uxicons/xxxhdpi/com.android.contacts/recbg.png 608565-608572
//my_stock/media/theme/uxicons/xxxhdpi/com.android.contacts/recfg.png 608573-608577
//my_stock/media/theme/uxicons/xxxhdpi/com.android.email/day.png 608578-608587
//my_stock/media/theme/uxicons/xxxhdpi/com.android.fmradio/day.png 608588-608598
//my_stock/media/theme/uxicons/xxxhdpi/com.android.fmradio/mat.png 608599
//my_stock/media/theme/uxicons/xxxhdpi/com.android.fmradio/recfg.png 608600
//my_stock/media/theme/uxicons/xxxhdpi/com.android.mms/day.png 608601-608608
//my_stock/media/theme/uxicons/xxxhdpi/com.android.mms/recbg.png 608609-608618
//my_stock/media/theme/uxicons/xxxhdpi/com.android.mms/recfg.png 608619-608627
//my_stock/media/theme/uxicons/xxxhdpi/com.android.permissioncontroller/nsd.png 608628
//my_stock/media/theme/uxicons/xxxhdpi/com.android.settings/day.png 608629-608638
//my_stock/media/theme/uxicons/xxxhdpi/com.android.settings/mat.png 608639-608645
//my_stock/media/theme/uxicons/xxxhdpi/com.android.settings/peb.png 608646
//my_stock/media/theme/uxicons/xxxhdpi/com.android.settings/recbg.png 608647-608658
//my_stock/media/theme/uxicons/xxxhdpi/com.android.settings/recfg.png 608659-608662
//my_stock/media/theme/uxicons/xxxhdpi/com.android.stk/day.png 608663-608667
//my_stock/media/theme/uxicons/xxxhdpi/com.android.stk/mat.png 608668
//my_stock/media/theme/uxicons/xxxhdpi/com.baidu.BaiduMap/nsd.png 608669
//my_stock/media/theme/uxicons/xxxhdpi/com.baidu.netdisk/nsd.png 608670
//my_stock/media/theme/uxicons/xxxhdpi/com.baidu.searchbox/nsd.png 608671
//my_stock/media/theme/uxicons/xxxhdpi/com.baidu.searchbox.lite/nsd.png 608672
//my_stock/media/theme/uxicons/xxxhdpi/com.bankcomm.Bankcomm/nsd.png 608673
//my_stock/media/theme/uxicons/xxxhdpi/com.caf.fmradio/day.png 608674-608684
//my_stock/media/theme/uxicons/xxxhdpi/com.caf.fmradio/mat.png 608685
//my_stock/media/theme/uxicons/xxxhdpi/com.caf.fmradio/recfg.png 608686
//my_stock/media/theme/uxicons/xxxhdpi/com.chinamworld.bocmbci/nsd.png 608687
//my_stock/media/theme/uxicons/xxxhdpi/com.chinamworld.main/nsd.png 608688
//my_stock/media/theme/uxicons/xxxhdpi/com.coloros.alarmclock/day.png 608689-608697
//my_stock/media/theme/uxicons/xxxhdpi/com.coloros.backuprestore/day.png 608698-608703
//my_stock/media/theme/uxicons/xxxhdpi/com.coloros.calculator/day.png 608704-608717
//my_stock/media/theme/uxicons/xxxhdpi/com.coloros.calculator/nsd.png 608718
//my_stock/media/theme/uxicons/xxxhdpi/com.coloros.calendar/day.png 608719-608725
//my_stock/media/theme/uxicons/xxxhdpi/com.coloros.compass/day.png 608726-608736
//my_stock/media/theme/uxicons/xxxhdpi/com.coloros.compass/nsd.png 608737
//my_stock/media/theme/uxicons/xxxhdpi/com.coloros.compass2/day.png 608738-608748
//my_stock/media/theme/uxicons/xxxhdpi/com.coloros.compass2/nsd.png 608749
//my_stock/media/theme/uxicons/xxxhdpi/com.coloros.familyguard/day.png 608750-608758
//my_stock/media/theme/uxicons/xxxhdpi/com.coloros.filemanager/day.png 608759-608765
//my_stock/media/theme/uxicons/xxxhdpi/com.coloros.findmyphone/day.png 608766-608779
//my_stock/media/theme/uxicons/xxxhdpi/com.coloros.findmyphone/nsd.png 608780
//my_stock/media/theme/uxicons/xxxhdpi/com.coloros.findphone.client2/day.png 608781-608794
//my_stock/media/theme/uxicons/xxxhdpi/com.coloros.findphone.client2/nsd.png 608795
//my_stock/media/theme/uxicons/xxxhdpi/com.coloros.gallery3d/day.png 608796-608805
//my_stock/media/theme/uxicons/xxxhdpi/com.coloros.musiclink/day.png 608806-608815
//my_stock/media/theme/uxicons/xxxhdpi/com.coloros.note/day.png 608816-608820
//my_stock/media/theme/uxicons/xxxhdpi/com.coloros.ocrscanner/day.png 608821-608829
//my_stock/media/theme/uxicons/xxxhdpi/com.coloros.phonemanager/day.png 608830-608837
//my_stock/media/theme/uxicons/xxxhdpi/com.coloros.shortcuts/day.png 608838-608847
//my_stock/media/theme/uxicons/xxxhdpi/com.coloros.soundrecorder/day.png 608848-608856
//my_stock/media/theme/uxicons/xxxhdpi/com.coloros.video/day.png 608857-608866
//my_stock/media/theme/uxicons/xxxhdpi/com.coloros.video/nsd.png 608867
//my_stock/media/theme/uxicons/xxxhdpi/com.coloros.weather/day.png 608868-608879
//my_stock/media/theme/uxicons/xxxhdpi/com.coloros.weather2/day.png 608880-608891
//my_stock/media/theme/uxicons/xxxhdpi/com.dianping.v1/nsd.png 608892
//my_stock/media/theme/uxicons/xxxhdpi/com.douban.frodo/nsd.png 608893
//my_stock/media/theme/uxicons/xxxhdpi/com.dragon.read/nsd.png 608894
//my_stock/media/theme/uxicons/xxxhdpi/com.ebay.mobile/art_off.png 608895-608896
//my_stock/media/theme/uxicons/xxxhdpi/com.ebay.mobile/mat.png 608897-608898
//my_stock/media/theme/uxicons/xxxhdpi/com.ebay.mobile/recfg.png 608899
//my_stock/media/theme/uxicons/xxxhdpi/com.facebook.katana/art_off.png 608900-608907
//my_stock/media/theme/uxicons/xxxhdpi/com.facebook.katana/mat.png 608908
//my_stock/media/theme/uxicons/xxxhdpi/com.facebook.katana/recbg.png 608909-608910
//my_stock/media/theme/uxicons/xxxhdpi/com.finshell.wallet/day.png 608911-608921
//my_stock/media/theme/uxicons/xxxhdpi/com.gotokeep.keep/nsd.png 608922
//my_stock/media/theme/uxicons/xxxhdpi/com.greenpoint.android.mc10086.activity/nsd.png 608923
//my_stock/media/theme/uxicons/xxxhdpi/com.heytap.book/day.png 608924-608932
//my_stock/media/theme/uxicons/xxxhdpi/com.heytap.browser/day.png 608933-608942
//my_stock/media/theme/uxicons/xxxhdpi/com.heytap.browser/mat.png 608943-608945
//my_stock/media/theme/uxicons/xxxhdpi/com.heytap.browser/recfg.png 608946-608949
//my_stock/media/theme/uxicons/xxxhdpi/com.heytap.cloud/day.png 608950-608960
//my_stock/media/theme/uxicons/xxxhdpi/com.heytap.cloud/recbg.png 608961-608965
//my_stock/media/theme/uxicons/xxxhdpi/com.heytap.cloud/recfg.png 608966-608967
//my_stock/media/theme/uxicons/xxxhdpi/com.heytap.health/day.png 608968-608971
//my_stock/media/theme/uxicons/xxxhdpi/com.heytap.lock/day.png 608972-608982
//my_stock/media/theme/uxicons/xxxhdpi/com.heytap.market/day.png 608983-608990
//my_stock/media/theme/uxicons/xxxhdpi/com.heytap.music/day.png 608991-608999
//my_stock/media/theme/uxicons/xxxhdpi/com.heytap.music/mat.png 609000
//my_stock/media/theme/uxicons/xxxhdpi/com.heytap.quicksearchbox/day.png 609001-609010
//my_stock/media/theme/uxicons/xxxhdpi/com.heytap.quicksearchbox/nsd.png 609011
//my_stock/media/theme/uxicons/xxxhdpi/com.heytap.reader/day.png 609012-609020
//my_stock/media/theme/uxicons/xxxhdpi/com.heytap.smarthome/day.png 609021-609029
//my_stock/media/theme/uxicons/xxxhdpi/com.heytap.smarthome/recfg.png 609030-609031
//my_stock/media/theme/uxicons/xxxhdpi/com.heytap.themestore/day.png 609032-609041
//my_stock/media/theme/uxicons/xxxhdpi/com.heytap.themestore/mat.png 609042-609051
//my_stock/media/theme/uxicons/xxxhdpi/com.heytap.themestore/peb.png 609052
//my_stock/media/theme/uxicons/xxxhdpi/com.heytap.themestore/recbg.png 609053-609062
//my_stock/media/theme/uxicons/xxxhdpi/com.heytap.yoli/day.png 609063-609072
//my_stock/media/theme/uxicons/xxxhdpi/com.heytap.yoli/nsd.png 609073
//my_stock/media/theme/uxicons/xxxhdpi/com.hpbr.bosszhipin/nsd.png 609074
//my_stock/media/theme/uxicons/xxxhdpi/com.hunantv.imgo.activity/nsd.png 609075
//my_stock/media/theme/uxicons/xxxhdpi/com.icbc/nsd.png 609076
//my_stock/media/theme/uxicons/xxxhdpi/com.immomo.momo/nsd.png 609077
//my_stock/media/theme/uxicons/xxxhdpi/com.instagram.android/art_off.png 609078-609088
//my_stock/media/theme/uxicons/xxxhdpi/com.instagram.android/mat.png 609089-609090
//my_stock/media/theme/uxicons/xxxhdpi/com.instagram.android/recbg.png 609091-609098
//my_stock/media/theme/uxicons/xxxhdpi/com.jingdong.app.mall/nsd.png 609099
//my_stock/media/theme/uxicons/xxxhdpi/com.kuaishou.nebula/nsd.png 609100
//my_stock/media/theme/uxicons/xxxhdpi/com.kugou.android/nsd.png 609101
//my_stock/media/theme/uxicons/xxxhdpi/com.kugou.android.lite/nsd.png 609102
//my_stock/media/theme/uxicons/xxxhdpi/com.lemon.lv/nsd.png 609103
//my_stock/media/theme/uxicons/xxxhdpi/com.miHoYo.Yuanshen/nsd.png 609104
//my_stock/media/theme/uxicons/xxxhdpi/com.miHoYo.hkrpg/nsd.png 609105
//my_stock/media/theme/uxicons/xxxhdpi/com.microsoft.office.outlook/art_off.png 609106-609109
//my_stock/media/theme/uxicons/xxxhdpi/com.microsoft.office.outlook/mat.png 609110
//my_stock/media/theme/uxicons/xxxhdpi/com.microsoft.office.outlook/recfg.png 609111
//my_stock/media/theme/uxicons/xxxhdpi/com.moji.mjweather/nsd.png 609112
//my_stock/media/theme/uxicons/xxxhdpi/com.mt.mtxx.mtxx/nsd.png 609113
//my_stock/media/theme/uxicons/xxxhdpi/com.nearme.gamecenter/day.png 609114-609120
//my_stock/media/theme/uxicons/xxxhdpi/com.nearme.gamecenter/recbg.png 609121
//my_stock/media/theme/uxicons/xxxhdpi/com.nearme.gamecenter/recfg.png 609122-609123
//my_stock/media/theme/uxicons/xxxhdpi/com.nearme.instant.platform/day.png 609124-609128
//my_stock/media/theme/uxicons/xxxhdpi/com.netease.cloudmusic/nsd.png 609129
//my_stock/media/theme/uxicons/xxxhdpi/com.oneplus.backuprestore/day.png 609130-609135
//my_stock/media/theme/uxicons/xxxhdpi/com.oneplus.backuprestore/mat.png 609136-609147
//my_stock/media/theme/uxicons/xxxhdpi/com.oneplus.backuprestore/peb.png 609148
//my_stock/media/theme/uxicons/xxxhdpi/com.oneplus.backuprestore/recbg.png 609149-609155
//my_stock/media/theme/uxicons/xxxhdpi/com.oneplus.backuprestore/recfg.png 609156-609159
//my_stock/media/theme/uxicons/xxxhdpi/com.oneplus.brickmode/day.png 609160-609171
//my_stock/media/theme/uxicons/xxxhdpi/com.oneplus.brickmode/nsd.png 609172
//my_stock/media/theme/uxicons/xxxhdpi/com.oneplus.brickmode/recbg.png 609173-609184
//my_stock/media/theme/uxicons/xxxhdpi/com.oneplus.brickmode/recfg.png 609185-609201
//my_stock/media/theme/uxicons/xxxhdpi/com.oneplus.calculator/day.png 609202-609215
//my_stock/media/theme/uxicons/xxxhdpi/com.oneplus.calculator/mat.png 609216-609222
//my_stock/media/theme/uxicons/xxxhdpi/com.oneplus.calculator/nsd.png 609223
//my_stock/media/theme/uxicons/xxxhdpi/com.oneplus.calculator/peb.png 609224
//my_stock/media/theme/uxicons/xxxhdpi/com.oneplus.calculator/recbg.png 609225-609235
//my_stock/media/theme/uxicons/xxxhdpi/com.oneplus.calculator/recfg.png 609236-609244
//my_stock/media/theme/uxicons/xxxhdpi/com.oneplus.camera/mat.png 609245-609254
//my_stock/media/theme/uxicons/xxxhdpi/com.oneplus.camera/peb.png 609255-609256
//my_stock/media/theme/uxicons/xxxhdpi/com.oneplus.camera/recbg.png 609257-609263
//my_stock/media/theme/uxicons/xxxhdpi/com.oneplus.camera/recfg.png 609264-609274 609275
//my_stock/media/theme/uxicons/xxxhdpi/com.oneplus.deskclock/day.png 609276-609284
//my_stock/media/theme/uxicons/xxxhdpi/com.oneplus.deskclock/mat.png 609285-609291
//my_stock/media/theme/uxicons/xxxhdpi/com.oneplus.deskclock/peb.png 609292
//my_stock/media/theme/uxicons/xxxhdpi/com.oneplus.deskclock/recbg.png 609293-609300
//my_stock/media/theme/uxicons/xxxhdpi/com.oneplus.deskclock/recfg.png 609301
//my_stock/media/theme/uxicons/xxxhdpi/com.oneplus.filemanager/day.png 609302-609308
//my_stock/media/theme/uxicons/xxxhdpi/com.oneplus.filemanager/mat.png 609309-609315
//my_stock/media/theme/uxicons/xxxhdpi/com.oneplus.filemanager/monochrome.png 609316-609317
//my_stock/media/theme/uxicons/xxxhdpi/com.oneplus.filemanager/peb.png 609318
//my_stock/media/theme/uxicons/xxxhdpi/com.oneplus.filemanager/recbg.png 609319-609329
//my_stock/media/theme/uxicons/xxxhdpi/com.oneplus.filemanager/recfg.png 609330-609336
//my_stock/media/theme/uxicons/xxxhdpi/com.oneplus.gallery/day.png 609337-609346
//my_stock/media/theme/uxicons/xxxhdpi/com.oneplus.gallery/mat.png 609347-609355
//my_stock/media/theme/uxicons/xxxhdpi/com.oneplus.gallery/peb.png 609356
//my_stock/media/theme/uxicons/xxxhdpi/com.oneplus.gallery/recbg.png 609357-609366
//my_stock/media/theme/uxicons/xxxhdpi/com.oneplus.gallery/recfg.png 609367-609373
//my_stock/media/theme/uxicons/xxxhdpi/com.oneplus.mall/recbg.png 609374-609385
//my_stock/media/theme/uxicons/xxxhdpi/com.oneplus.member/recbg.png 609386-609395
//my_stock/media/theme/uxicons/xxxhdpi/com.oneplus.member/recfg.png 609396-609405
//my_stock/media/theme/uxicons/xxxhdpi/com.oneplus.mms/recbg.png 609406-609415
//my_stock/media/theme/uxicons/xxxhdpi/com.oneplus.mms/recfg.png 609416-609424
//my_stock/media/theme/uxicons/xxxhdpi/com.oneplus.note/day.png 609425-609429
//my_stock/media/theme/uxicons/xxxhdpi/com.oneplus.note/mat.png 609430-609437
//my_stock/media/theme/uxicons/xxxhdpi/com.oneplus.note/peb.png 609438
//my_stock/media/theme/uxicons/xxxhdpi/com.oneplus.note/recbg.png 609439-609449
//my_stock/media/theme/uxicons/xxxhdpi/com.oneplus.note/recfg.png 609450-609454
//my_stock/media/theme/uxicons/xxxhdpi/com.oneplus.soundrecorder/day.png 609455-609463
//my_stock/media/theme/uxicons/xxxhdpi/com.oneplus.soundrecorder/mat.png 609464-609472
//my_stock/media/theme/uxicons/xxxhdpi/com.oneplus.soundrecorder/peb.png 609473
//my_stock/media/theme/uxicons/xxxhdpi/com.oneplus.soundrecorder/recbg.png 609474-609480
//my_stock/media/theme/uxicons/xxxhdpi/com.oneplus.soundrecorder/recfg.png 609481
//my_stock/media/theme/uxicons/xxxhdpi/com.oneplus.store/recbg.png 609482-609493
//my_stock/media/theme/uxicons/xxxhdpi/com.oplus.calendar/day.png 609494-609500
//my_stock/media/theme/uxicons/xxxhdpi/com.oplus.camera/day.png 609501-609511
//my_stock/media/theme/uxicons/xxxhdpi/com.oplus.camera/mat.png 609512
//my_stock/media/theme/uxicons/xxxhdpi/com.oplus.camera/recbg.png 609513-609523
//my_stock/media/theme/uxicons/xxxhdpi/com.oplus.camera/recfg.png 609524-609536
//my_stock/media/theme/uxicons/xxxhdpi/com.oplus.consumerIRApp/day.png 609537-609541
//my_stock/media/theme/uxicons/xxxhdpi/com.oplus.consumerIRApp/mat.png 609542-609547
//my_stock/media/theme/uxicons/xxxhdpi/com.oplus.consumerIRApp/monochrome.png 609548
//my_stock/media/theme/uxicons/xxxhdpi/com.oplus.consumerIRApp/peb.png 609549
//my_stock/media/theme/uxicons/xxxhdpi/com.oplus.consumerIRApp/recbg.png 609550-609558
//my_stock/media/theme/uxicons/xxxhdpi/com.oplus.consumerIRApp/recfg.png 609559-609561
//my_stock/media/theme/uxicons/xxxhdpi/com.oplus.games/mat.png 609562-609569
//my_stock/media/theme/uxicons/xxxhdpi/com.oplus.games/peb.png 609570
//my_stock/media/theme/uxicons/xxxhdpi/com.oplus.games/recbg.png 609571-609581
//my_stock/media/theme/uxicons/xxxhdpi/com.oplus.games/recfg.png 609582-609596
//my_stock/media/theme/uxicons/xxxhdpi/com.oplus.logkit/recfg.png 609597-609599
//my_stock/media/theme/uxicons/xxxhdpi/com.oplus.member/day.png 609600-609605
//my_stock/media/theme/uxicons/xxxhdpi/com.oplus.phonemanager/day.png 609606-609613
//my_stock/media/theme/uxicons/xxxhdpi/com.oplus.phonemanager/mat.png 609614-609616
//my_stock/media/theme/uxicons/xxxhdpi/com.oplus.phonemanager/peb.png 609617-609619
//my_stock/media/theme/uxicons/xxxhdpi/com.oplus.phonemanager/recbg.png 609620-609629
//my_stock/media/theme/uxicons/xxxhdpi/com.oplus.phonemanager/recfg.png 609630-609631
//my_stock/media/theme/uxicons/xxxhdpi/com.oplus.play/day.png 609632-609638
//my_stock/media/theme/uxicons/xxxhdpi/com.oplus.play/mat.png 609639
//my_stock/media/theme/uxicons/xxxhdpi/com.oplus.play/recfg.png 609640
//my_stock/media/theme/uxicons/xxxhdpi/com.oplus.themestore/mat.png 609641-609644
//my_stock/media/theme/uxicons/xxxhdpi/com.oplus.themestore/recbg.png 609645-609654
//my_stock/media/theme/uxicons/xxxhdpi/com.oplus.themestore/recfg.png 609655-609660
//my_stock/media/theme/uxicons/xxxhdpi/com.oplus.vip/recbg.png 609661-609670
//my_stock/media/theme/uxicons/xxxhdpi/com.oplus.vip/recfg.png 609671-609680
//my_stock/media/theme/uxicons/xxxhdpi/com.opluskgd.onetaplocking/day.png 609681-609691
//my_stock/media/theme/uxicons/xxxhdpi/com.opluskgd.onetaplocking/mat.png 609692-609702
//my_stock/media/theme/uxicons/xxxhdpi/com.opluskgd.onetaplocking/peb.png 609703-609704
//my_stock/media/theme/uxicons/xxxhdpi/com.opluskgd.onetaplocking/recbg.png 609705-609715
//my_stock/media/theme/uxicons/xxxhdpi/com.opluskgd.onetaplocking/recfg.png 609716-609733
//my_stock/media/theme/uxicons/xxxhdpi/com.oppo.community/day.png 609734-609742
//my_stock/media/theme/uxicons/xxxhdpi/com.oppo.community/nsd.png 609743
//my_stock/media/theme/uxicons/xxxhdpi/com.paypal.android.p2pmobile/art_off.png 609744-609750
//my_stock/media/theme/uxicons/xxxhdpi/com.paypal.android.p2pmobile/mat.png 609751
//my_stock/media/theme/uxicons/xxxhdpi/com.paypal.android.p2pmobile/recbg.png 609752-609759
//my_stock/media/theme/uxicons/xxxhdpi/com.paypal.android.p2pmobile/recfg.png 609760
//my_stock/media/theme/uxicons/xxxhdpi/com.phoenix.read/nsd.png 609761
//my_stock/media/theme/uxicons/xxxhdpi/com.pingan.paces.ccms/nsd.png 609762
//my_stock/media/theme/uxicons/xxxhdpi/com.pinterest/art_off.png 609763-609765
//my_stock/media/theme/uxicons/xxxhdpi/com.pinterest/mat.png 609766
//my_stock/media/theme/uxicons/xxxhdpi/com.quark.browser/nsd.png 609767
//my_stock/media/theme/uxicons/xxxhdpi/com.redteamobile.roaming/day.png 609768-609779
//my_stock/media/theme/uxicons/xxxhdpi/com.sankuai.meituan.takeoutnew/nsd.png 609780
//my_stock/media/theme/uxicons/xxxhdpi/com.sina.weibo/nsd.png 609781
//my_stock/media/theme/uxicons/xxxhdpi/com.snapchat.android/mat.png 609782
//my_stock/media/theme/uxicons/xxxhdpi/com.sohu.inputmethod.sogou/nsd.png 609783
//my_stock/media/theme/uxicons/xxxhdpi/com.spotify.music/mat.png 609784-609786
//my_stock/media/theme/uxicons/xxxhdpi/com.spotify.music/recfg.png 609787-609789
//my_stock/media/theme/uxicons/xxxhdpi/com.ss.android.article.lite/nsd.png 609790
//my_stock/media/theme/uxicons/xxxhdpi/com.ss.android.article.news/nsd.png 609791
//my_stock/media/theme/uxicons/xxxhdpi/com.ss.android.article.video/nsd.png 609792
//my_stock/media/theme/uxicons/xxxhdpi/com.ss.android.ugc.aweme/nsd.png 609793
//my_stock/media/theme/uxicons/xxxhdpi/com.ss.android.ugc.aweme.lite/nsd.png 609794
//my_stock/media/theme/uxicons/xxxhdpi/com.ss.android.ugc.live/nsd.png 609795
//my_stock/media/theme/uxicons/xxxhdpi/com.taobao.litetao/nsd.png 609796
//my_stock/media/theme/uxicons/xxxhdpi/com.taobao.live/nsd.png 609797
//my_stock/media/theme/uxicons/xxxhdpi/com.taobao.taobao/nsd.png 609798
//my_stock/media/theme/uxicons/xxxhdpi/com.tencent.android.qqdownloader/nsd.png 609799
//my_stock/media/theme/uxicons/xxxhdpi/com.tencent.karaoke/nsd.png 609800
//my_stock/media/theme/uxicons/xxxhdpi/com.tencent.map/nsd.png 609801
//my_stock/media/theme/uxicons/xxxhdpi/com.tencent.mm/nsd.png 609802
//my_stock/media/theme/uxicons/xxxhdpi/com.tencent.mobileqq/nsd.png 609803
//my_stock/media/theme/uxicons/xxxhdpi/com.tencent.mtt/nsd.png 609804
//my_stock/media/theme/uxicons/xxxhdpi/com.tencent.news/nsd.png 609805
//my_stock/media/theme/uxicons/xxxhdpi/com.tencent.qqlive/nsd.png 609806
//my_stock/media/theme/uxicons/xxxhdpi/com.tencent.qqmusic/nsd.png 609807
//my_stock/media/theme/uxicons/xxxhdpi/com.tencent.qqpimsecure/nsd.png 609808
//my_stock/media/theme/uxicons/xxxhdpi/com.tencent.tmgp.pubgmhd/nsd.png 609809
//my_stock/media/theme/uxicons/xxxhdpi/com.tencent.tmgp.sgame/nsd.png 609810
//my_stock/media/theme/uxicons/xxxhdpi/com.tencent.wework/nsd.png 609811
//my_stock/media/theme/uxicons/xxxhdpi/com.tianyancha.skyeye/nsd.png 609812
//my_stock/media/theme/uxicons/xxxhdpi/com.tmall.wireless/nsd.png 609813
//my_stock/media/theme/uxicons/xxxhdpi/com.tongcheng.android/nsd.png 609814
//my_stock/media/theme/uxicons/xxxhdpi/com.twitter.android/art_off.png 609815
//my_stock/media/theme/uxicons/xxxhdpi/com.videogo/nsd.png 609816
//my_stock/media/theme/uxicons/xxxhdpi/com.wuba/nsd.png 609817
//my_stock/media/theme/uxicons/xxxhdpi/com.xhey.xcamera/nsd.png 609818
//my_stock/media/theme/uxicons/xxxhdpi/com.xs.fm/nsd.png 609819
//my_stock/media/theme/uxicons/xxxhdpi/com.xs.fm.lite/nsd.png 609820
//my_stock/media/theme/uxicons/xxxhdpi/com.xt.retouch/nsd.png 609821
//my_stock/media/theme/uxicons/xxxhdpi/com.xunmeng.pinduoduo/nsd.png 609822
//my_stock/media/theme/uxicons/xxxhdpi/com.xyyzsgxyl.traceless/day.png 609823-609834
//my_stock/media/theme/uxicons/xxxhdpi/com.yitong.mbank.psbc/nsd.png 609835
//my_stock/media/theme/uxicons/xxxhdpi/com.youku.phone/nsd.png 609836
//my_stock/media/theme/uxicons/xxxhdpi/ctrip.android.view/nsd.png 609837
//my_stock/media/theme/uxicons/xxxhdpi/in.amazon.mShop.android.shopping/mat.png 609838-609842
//my_stock/media/theme/uxicons/xxxhdpi/in.amazon.mShop.android.shopping/recbg.png 609843-609849
//my_stock/media/theme/uxicons/xxxhdpi/me.ele/nsd.png 609850
//my_stock/media/theme/uxicons/xxxhdpi/net.oneplus.forums/mat.png 609851-609859
//my_stock/media/theme/uxicons/xxxhdpi/net.oneplus.forums/peb.png 609860
//my_stock/media/theme/uxicons/xxxhdpi/net.oneplus.forums/recbg.png 609861-609869
//my_stock/media/theme/uxicons/xxxhdpi/net.oneplus.forums/recfg.png 609870-609880
//my_stock/media/theme/uxicons/xxxhdpi/net.oneplus.weather/day.png 609881-609892
//my_stock/media/theme/uxicons/xxxhdpi/net.oneplus.weather/mat.png 609893-609901
//my_stock/media/theme/uxicons/xxxhdpi/net.oneplus.weather/peb.png 609902
//my_stock/media/theme/uxicons/xxxhdpi/net.oneplus.weather/recbg.png 609903-609913
//my_stock/media/theme/uxicons/xxxhdpi/net.oneplus.weather/recfg.png 609914-609918
//my_stock/media/theme/uxicons/xxxhdpi/sm.ss43djh.sqw23/nsd.png 609919
//my_stock/media/theme/uxicons/xxxhdpi/tv.danmaku.bili/mat.png 609920-609928
//my_stock/media/theme/uxicons/xxxhdpi/tv.danmaku.bili/nsd.png 609929-609930
//my_stock/media/theme/uxicons/xxxhdpi/tv.danmaku.bili/recbg.png 609931-609937
//my_stock/media/theme/uxicons/xxxhdpi/tv.danmaku.bili/recfg.png 609938-609939
