/product/bin/init.oplus.nandswap.sh 1-2
/product/bin/nandswap_tool 3-5
/product/bin/vendor.qti.qvirt-service_rs 6-24
/product/etc/NOTICE.xml.gz 25-57
/product/etc/aconfig_flags.pb 58-79
/product/etc/apns-conf.xml 80-118
/product/etc/build_flags.json 119-120
/product/framework/ims-ext-common.jar 121-139
/product/framework/qti-telephony-hidl-wrapper-prd.jar 140-143
/product/framework/uimgbalibrary.jar 144-145
/product/framework/uimgbamanagerlibrary.jar 146
/product/framework/uimremoteclientlibrary.jar 147-148
/product/framework/uimremoteserverlibrary.jar 149-150
/product/framework/uimservicelibrary.jar 151-162
/product/lib64/libandroid_log_sys.dylib.so 163
/product/lib64/libandroid_logger.dylib.so 164-166
/product/lib64/libanyhow.dylib.so 167-170
/product/lib64/libbase.so 171-196
/product/lib64/libbinder_ndk_sys.dylib.so 197
/product/lib64/libbinder_rs.dylib.so 198-205
/product/lib64/libbitflags.dylib.so 206
/product/lib64/libc++.so 207-315
/product/lib64/libcfg_if.dylib.so 316
/product/lib64/libcutils.so 317-356
/product/lib64/libdowncast_rs.dylib.so 357
/product/lib64/libenv_logger.dylib.so 358-366
/product/lib64/libhidlbase.so 367-438
/product/lib64/libitoa.dylib.so 439
/product/lib64/libjni_aidl_service.so 440
/product/lib64/libjni_eglfence.so 441
/product/lib64/libjni_filtershow_filters.so 442-447
/product/lib64/libjni_jpegstream.so 448-510
/product/lib64/libjni_jpegutil.so 511-550
/product/lib64/libjni_latinime.so 551-667
/product/lib64/libjni_tinyplanet.so 668
/product/lib64/liblibc.dylib.so 669-672
/product/lib64/liblog_rust.dylib.so 673-675
/product/lib64/liblogger.dylib.so 676-677
/product/lib64/libmemoffset.dylib.so 678
/product/lib64/libnix.dylib.so 679-706
/product/lib64/libonce_cell.dylib.so 707-708
/product/lib64/librustutils.dylib.so 709-713
/product/lib64/libryu.dylib.so 714-718
/product/lib64/libserde.dylib.so 719-722
/product/lib64/libserde_json.dylib.so 723-736
/product/lib64/libstatic_assertions.dylib.so 737
/product/lib64/libstd.dylib.so 738-845
/product/lib64/libsystem_properties_bindgen_sys.dylib.so 846
/product/lib64/libthiserror.dylib.so 847
/product/lib64/libutils.so 848-864
/product/lib64/libvendor_qti_qvirt_V1.dylib.so 865-871
/product/lib64/vendor.qti.hardware.radio.qcrilhook@1.0.so 872-891
/product/lib64/vendor.qti.qvirt-V1-ndk.so 892-899
/product/overlay/CaptivePortalLoginFrameworkOverlay.apk 900-901
/product/overlay/CarrierConfigResCommon_Sys.apk 902-909
/product/overlay/CellBroadcastReceiverResCommon_Sys.apk 910-911
/product/overlay/CompanionDeviceManager__nosdcard__auto_generated_characteristics_rro.apk 912
/product/overlay/FrameworksResCommon_Sys.apk 913-915
/product/overlay/GoogleDocumentsUIOverlay.apk 916-917
/product/overlay/GoogleExtServicesConfigOverlay.apk 918-919
/product/overlay/GoogleHealthFitnessFrameworkOverlay.apk 920-921
/product/overlay/GooglePermissionControllerFrameworkOverlay.apk 922-923
/product/overlay/GooglePermissionControllerOverlay.apk 924-925
/product/overlay/ModuleMetadataGoogleOverlay.apk 926-927
/product/overlay/OplusCarrierConfig.apk 928-964
/product/overlay/SettingsResCommon_Sys.apk 965-966
/product/overlay/SystemUIResCommon_Sys.apk 967-968
/product/overlay/TelecommResCommon_Sys.apk 969-970
/product/overlay/TelephonyResCommon_Sys.apk 971-972
/product/overlay/WifiResCommonMainline_Sys.apk 973-974
/product/overlay/WifiResCommon_Sys.apk 975-976
/product/overlay/framework-res__nosdcard__auto_generated_characteristics_rro.apk 977-1044
/product/app/DeviceStatisticsService/DeviceStatisticsService.apk 1045-1055
/product/app/com.google.android.modulemetadata/com.google.android.modulemetadata.apk 1056-1060
/product/app/com.google.mainline.adservices/com.google.mainline.adservices.apk 1061-1063
/product/app/com.google.mainline.telemetry/com.google.mainline.telemetry.apk 1064-1066
/product/app/datastatusnotification/datastatusnotification.apk 1067-1071
/product/app/uimgbaservice/uimgbaservice.apk 1072-1075
/product/app/uimremoteclient/uimremoteclient.apk 1076-1093
/product/app/uimremoteserver/uimremoteserver.apk 1094-1109
/product/etc/init/init.oplus.nandswap.rc 1110
/product/etc/permissions/privapp-permissions-oplus.xml 1111-1112
/product/etc/selinux/product_sepolicy.cil 1113-1115
/product/etc/selinux/product_sepolicy_debug.cil 1116-1118
/product/etc/sysconfig/google.xml 1119
/product/etc/sysconfig/preinstalled-packages-platform-overlays.xml 1120
/product/overlay/DisplayCutoutEmulationCorner/DisplayCutoutEmulationCornerOverlay.apk 1121-1122
/product/overlay/DisplayCutoutEmulationDouble/DisplayCutoutEmulationDoubleOverlay.apk 1123-1124
/product/overlay/DisplayCutoutEmulationHole/DisplayCutoutEmulationHoleOverlay.apk 1125-1126
/product/overlay/DisplayCutoutEmulationTall/DisplayCutoutEmulationTallOverlay.apk 1127-1128
/product/overlay/DisplayCutoutEmulationWaterfall/DisplayCutoutEmulationWaterfallOverlay.apk 1129-1130
/product/overlay/FontNotoSerifSource/FontNotoSerifSourceOverlay.apk 1131-1132
/product/overlay/NavigationBarMode3Button/NavigationBarMode3ButtonOverlay.apk 1133-1134
/product/overlay/NavigationBarModeGestural/NavigationBarModeGesturalOverlay.apk 1135-1136
/product/overlay/NotesRoleEnabled/NotesRoleEnabledOverlay.apk 1137-1138
/product/overlay/TransparentNavigationBar/TransparentNavigationBarOverlay.apk 1139-1140
/product/framework/oat/arm64/ims-ext-common.odex 1141
/product/framework/oat/arm64/qti-telephony-hidl-wrapper-prd.odex 1142
/product/framework/oat/arm64/uimgbalibrary.odex 1143
/product/framework/oat/arm64/uimgbamanagerlibrary.odex 1144
/product/framework/oat/arm64/uimremoteclientlibrary.odex 1145
/product/framework/oat/arm64/uimremoteserverlibrary.odex 1146
/product/media/audio/ui/Camera_Timer.ogg 1147-1148
/product/media/audio/ui/Camera_Timer_2sec.ogg 1149-1165
/product/media/audio/ui/Dock.ogg 1166
/product/media/audio/ui/Effect_Tick.ogg 1167
/product/media/audio/ui/InCallNotification.ogg 1168
/product/media/audio/ui/KeypressDelete.ogg 1169
/product/media/audio/ui/KeypressInvalid.ogg 1170
/product/media/audio/ui/KeypressReturn.ogg 1171
/product/media/audio/ui/KeypressSpacebar.ogg 1172
/product/media/audio/ui/KeypressStandard.ogg 1173
/product/media/audio/ui/Lock.ogg 1174
/product/media/audio/ui/LowBattery.ogg 1175-1176
/product/media/audio/ui/Screenshots.ogg 1177-1178
/product/media/audio/ui/Undock.ogg 1179-1183
/product/media/audio/ui/Unlock.ogg 1184
/product/media/audio/ui/VideoRecord.ogg 1185-1187
/product/media/audio/ui/camera_click.ogg 1188-1189
/product/media/audio/ui/camera_click_start.ogg 1190-1191
/product/media/audio/ui/camera_click_stop.ogg 1192-1193
/product/media/audio/ui/camera_focus.ogg 1194
/product/media/audio/ui/camera_shutter.ogg 1195-1197
/product/media/audio/ui/charging.ogg 1198-1199
/product/app/DeviceStatisticsService/oat/arm64/DeviceStatisticsService.odex 1200
/product/app/datastatusnotification/oat/arm64/datastatusnotification.odex 1201
/product/app/uimgbaservice/oat/arm64/uimgbaservice.odex 1202
/product/app/uimremoteclient/oat/arm64/uimremoteclient.odex 1203
/product/app/uimremoteserver/oat/arm64/uimremoteserver.odex 1204
